2026-09-28T03:21:00Z lane-A start: proxy sweep launched (r.jina.ai + allorigins, 1 req/5s)
2026-09-28T03:22:13.999532+00:00 proxy sweep start: 9 targets x 3 proxies
2026-09-28T03:22:38.040909+00:00 fetch ludism_root_http       via jina           -> FAIL HTTPError: HTTP Error 422: Unprocessable Entity
2026-09-28T03:23:25.357314+00:00 fetch ludism_root_http       via allorigins_raw -> FAIL RemoteDisconnected: Remote end closed connection without response
2026-09-28T03:24:11.469840+00:00 fetch ludism_root_http       via allorigins_get -> FAIL HTTPError: HTTP Error 522: <none>
2026-09-28T03:24:28.069007+00:00 fetch ludism_root_https      via jina           -> FAIL RemoteDisconnected: Remote end closed connection without response
2026-09-28T03:25:09.927870+00:00 fetch ludism_root_https      via allorigins_raw -> FAIL HTTPError: HTTP Error 522: <none>
2026-09-28T03:25:36Z control captures saved (jina control OK on example.com; allorigins control FAILED on example.com -> its failures are inconclusive)
2026-09-28T03:25:45.581085+00:00 fetch ludism_root_https      via allorigins_get -> FAIL HTTPError: HTTP Error 400: Bad Request
2026-09-28T03:25:57.992083+00:00 fetch ludism_scwiki_rc       via jina           -> FAIL RemoteDisconnected: Remote end closed connection without response
2026-09-28T03:26:18.887069+00:00 fetch ludism_scwiki_rc       via allorigins_raw -> FAIL RemoteDisconnected: Remote end closed connection without response
2026-09-28T03:26:58.486640+00:00 fetch ludism_scwiki_rc       via allorigins_get -> FAIL HTTPError: HTTP Error 522: <none>
2026-09-28T03:27:16.099820+00:00 fetch ludism_mentat_rc       via jina           -> FAIL HTTPError: HTTP Error 422: Unprocessable Entity
2026-09-28T03:27:40.559518+00:00 fetch ludism_mentat_rc       via allorigins_raw -> FAIL HTTPError: HTTP Error 500: Internal Server Error
2026-09-28T03:28:17.848044+00:00 fetch ludism_mentat_rc       via allorigins_get -> FAIL HTTPError: HTTP Error 522: <none>
2026-09-28T03:28:37.617659+00:00 fetch ludism_gbgwiki_rc      via jina           -> FAIL HTTPError: HTTP Error 422: Unprocessable Entity
2026-09-28T03:29:13.038874+00:00 fetch ludism_gbgwiki_rc      via allorigins_raw -> FAIL HTTPError: HTTP Error 522: <none>
2026-09-28T03:29:48.453482+00:00 fetch ludism_gbgwiki_rc      via allorigins_get -> FAIL HTTPError: HTTP Error 522: <none>
2026-09-28T03:30:04.915008+00:00 fetch ludism_ppwiki_rc       via jina           -> FAIL RemoteDisconnected: Remote end closed connection without response
2026-09-28T03:30:33.814880+00:00 fetch ludism_ppwiki_rc       via allorigins_raw -> FAIL HTTPError: HTTP Error 500: Internal Server Error
2026-09-28T03:31:07.674121+00:00 fetch ludism_ppwiki_rc       via allorigins_get -> FAIL HTTPError: HTTP Error 522: <none>
2026-09-28T03:31:20.460079+00:00 fetch ludism_gamedesign_rc   via jina           -> FAIL RemoteDisconnected: Remote end closed connection without response
2026-09-28T03:31:49.993358+00:00 fetch ludism_gamedesign_rc   via allorigins_raw -> FAIL RemoteDisconnected: Remote end closed connection without response
2026-09-28T03:32:25.211476+00:00 fetch ludism_gamedesign_rc   via allorigins_get -> FAIL RemoteDisconnected: Remote end closed connection without response
2026-09-28T03:32:39.133116+00:00 fetch apchem_root            via jina           -> OK 308 bytes (HTTP 200)
2026-09-28T03:33:13.343077+00:00 fetch apchem_root            via allorigins_raw -> FAIL HTTPError: HTTP Error 522: <none>
2026-09-28T03:33:47.841105+00:00 fetch apchem_root            via allorigins_get -> FAIL RemoteDisconnected: Remote end closed connection without response
2026-09-28T03:34:00.229032+00:00 fetch apchem_rc              via jina           -> OK 318 bytes (HTTP 200)
2026-09-28T03:34:27.286909+00:00 fetch apchem_rc              via allorigins_raw -> FAIL IncompleteRead: IncompleteRead(355 bytes read)
2026-09-28T03:34:59.419173+00:00 fetch apchem_rc              via allorigins_get -> FAIL RemoteDisconnected: Remote end closed connection without response
2026-09-28T03:35:04.419401+00:00 proxy sweep done: 2/27 succeeded
2026-09-28T03:35:08Z pattern sweep + manifest built
[2026-09-28T18:12Z] WORKSTREAM A triage: lane verified complete — dataset + ES index ludism-wikis (_count=31) + note + committed. DONE.
