# progress.log — uoft-shorteners lane (2026-09-28, night watch)

2026-09-28 00:56 — lane start. Read notes/university-shorteners-2026-09-28.md
  + data/university-shorteners/ as precedent. Rules: passive-only, no link
  creation, no login attempts, explicit pathspecs only.
2026-09-28 00:58 — DNS: uoft.me A 198.18.44.143; t.mdcdev.me A 198.18.44.144
  (egress-resolved; adjacent /24, sandbox note). NS queries empty.
2026-09-28 01:00 — uoft.me/ fetched: YOURLS 1.7.6, official UofT shortener,
  front page OPEN but whitelist-restricted (utoronto.ca / toronto.edu /
  utoronto.sharepoint.com / uthrprod.service-now.com). Cached error page via
  search engines lists a longer whitelist (also utoronto.audienceview.net,
  uoft.service-now.com, hcm17.sapsf.com, forms.office.com, utoronto.zoom.us,
  utoronto-my.sharepoint.com, ncv.microsoft.com, utsc.service-now.com,
  nam.dcv.ms).
2026-09-28 01:02 — uoft.me/<slug>+ for maagentxyz99999, zzagent740558,
  amass932899504, mafresh91011: ALL return HTTP 200 with the YOURLS admin
  login page ("Please log in") — login wall confirmed on every known
  agent-grammar slug; NO login attempted. Archived to
  uoft-me/<slug>_plus_2026-09-28.html (byte-identical templates).
2026-09-28 01:04 — crt.sh: uoft.me cert history since 2018 (Let's Encrypt +
  DigiCert); subdomains testydocker.uoft.me, testy-cdn.uoft.me,
  prd.uoft.me (2025-08-21). Saved uoft-me/crtsh_2026-09-28.json.
2026-09-28 01:05 — Wayback CDX uoft.me/*: empty response (consistent with the
  standing "Wayback unreachable" finding; treated as no-evidence, not negative).
2026-09-28 01:06 — Search engines: uoft.me error page indexed with spammer
  probes (droid-mob.com APK spam, podcasters.spotify.com) — all REJECTED by
  the domain whitelist. joshuadavid/wikiagentswarminvestigation
  agent-logs/shorteners/ confirms 5 uoft-me slugs (adds utmace). brausepulver
  collusion-wiki-link-shorteners lists uoft.me as saturated ground.
2026-09-28 01:08 — t.mdcdev.me/ fetched: YOURLS 1.9.2, OPEN-CREATION front
  page ("Enter a new URL to shorten"; sample-public-front-page.php endpoint
  in bookmarklets) — NO link creation attempted per hard guard. No public
  link listing on the front page (only Admin / Help / readme links).
2026-09-28 01:10 — Search engines on "t.mdcdev.me yourls": rmn.re's public
  admin listing exposes t.mdcdev.me/i2mrjnck (51 clicks) + t.mdcdev.me/hkigaprw
  (50 clicks); directory spam sites list squarespacefreeemail934785,
  evegelendiyarbakrescort772509, bayanescortdiyarbakr401683,
  mattressstoresaroundmyarea909270 — SEO-spam slugs, not agent grammar.
2026-09-28 01:12 — t.mdcdev.me/<slug>+ stats (public, no login needed):
  i2mrjnck -> 404, hkigaprw -> 404, bayanescortdiyarbakr401683 -> 404
  (deleted by admin); squarespacefreeemail934785 -> 200 (40 hits, created
  2025-05-15, -> x.com/MDC_DEV post, referrers: self + poordirectory.com);
  evegelendiyarbakrescort772509 -> 200 (201 hits all-time, created 2025-01-24,
  -> r2tbiohospital.com bbs escort spam, referrers: self + directory10.org);
  mattressstoresaroundmyarea909270 -> 200 (created 2024-02-14, ->
  infosabi.com mattress SEO, referrers: self only). NO swarm-toolkit
  referrers (jqp/pure.md/r.jina.ai/etc.) on any examined slug.
2026-09-28 01:14 — ES cross-check (read-only):
  collusion-wiki: uoft.me 479 (origin_sites, shortener_candidate records),
    t.mdcdev.me 0.
  urlquery-hunt: uoft.me 2 (hunt.node_id=ioc-uoft-me, shortener-domain IOC,
    first seen 2026-06), t.mdcdev.me 0.
  university-shorteners: uoft.me 1 (15-hit referrer on goto.unm.edu/7t6-o),
    t.mdcdev.me 0.
  proxy-primitives: both 0.
2026-09-28 01:16 — VERDICTS (see notes/uoft-shorteners-2026-09-28.md):
  * uoft.me: LIVE, institutional; agent-grammar slugs exist but stats are
    login-walled -> negative-for-passive-stats; recorded, NOT indexed.
  * t.mdcdev.me: LIVE, open-creation YOURLS with PUBLIC stats; all live
    slugs examined are SEO spam with no swarm fingerprint -> negative for
    swarm activity; recorded, NOT indexed. No link creation attempted.
  No ES index created per verification bar (clean negatives go to the log +
  note, not an empty index).
2026-09-28 01:18 — wrote PROVENANCE.md, SHA256SUMS (13 evidence files),
  ran absolute-home-path scrub on lane files (clean), wrote note.
  STATUS: lane complete; both hosts characterized; nothing further pending.
[2026-09-28T18:12Z] WORKSTREAM A triage: lane complete — clean negatives, no ES index per convention (log + note only), committed b8e9a6e. DONE.
