[2026-09-28T19:57:48Z] RESWEEP lane start: re-probe known surfaces + t.mdcdev.me deep passive + new-venue hunt. Read-only, polite pacing.
[2026-09-28T19:58:09Z] fetch start: 18 targets, 3s pacing
[2026-09-28T19:58:11Z] FETCH fail unm_7t6-o attempt 1: IncompleteRead(163443 bytes read)
[2026-09-28T19:58:17Z] FETCH fail unm_7t6-o attempt 2: IncompleteRead(106155 bytes read)
[2026-09-28T19:58:27Z] FETCH fail unm_discvr attempt 1: IncompleteRead(48867 bytes read)
[2026-09-28T19:58:35Z] fetch start: 18 targets, 3s pacing
[2026-09-28T19:58:37Z] FETCH ok unm_7t6-o -> https://goto.unm.edu/7t6-o+ (http 200, 221101 bytes)
[2026-09-28T19:58:42Z] FETCH ok unm_discvr -> https://goto.unm.edu/discvr+ (http 200, 67157 bytes)
[2026-09-28T19:58:47Z] FETCH ok unm_reso -> https://goto.unm.edu/reso+ (http 200, 86426 bytes)
[2026-09-28T19:58:52Z] FETCH ok unm_urphy21 -> https://goto.unm.edu/urphy21+ (http 200, 59526 bytes)
[2026-09-28T19:58:57Z] FETCH ok unm_vbudg -> https://goto.unm.edu/vbudg+ (http 200, 12512 bytes)
[2026-09-28T19:59:03Z] FETCH ok eth_nB1nv -> https://u.ethz.ch/nB1nv+?jqpaccess=1 (http 200, 37086 bytes)
[2026-09-28T19:59:11Z] FETCH ok uvm_-4s0q -> https://go.uvm.edu/-4s0q+ (http 200, 34523 bytes)
[2026-09-28T19:59:17Z] FETCH ok uvm_tgmtq -> https://go.uvm.edu/tgmtq+ (http 200, 31647 bytes)
[2026-09-28T19:59:37Z] FETCH ok uvm_xc26 -> https://go.uvm.edu/xc26+ (http 200, 9945 bytes)
[2026-09-28T19:59:54Z] FETCH ok popcat_5vtSk2RG2f -> https://url.popcat.xyz/5vtSk2RG2f/info (http 200, 12369 bytes)
[2026-09-28T20:00:04Z] FETCH ok popcat_IRZTIxDlZ -> https://url.popcat.xyz/IRZTIxDlZ/info (http 200, 12363 bytes)
[2026-09-28T20:00:23Z] FETCH ok tmdc_frontpage -> https://t.mdcdev.me/ (http 200, 7077 bytes)
[2026-09-28T20:00:30Z] FETCH thin tmdc_robots -> https://t.mdcdev.me/robots.txt (http 200, 115 bytes)
[2026-09-28T20:00:43Z] FETCH thin tmdc_robots -> https://t.mdcdev.me/robots.txt (http 200, 115 bytes)
[2026-09-28T20:00:54Z] FETCH thin tmdc_sitemap -> https://t.mdcdev.me/sitemap.xml (http 404, 1127 bytes)
[2026-09-28T20:01:04Z] FETCH thin tmdc_sitemap -> https://t.mdcdev.me/sitemap.xml (http 404, 1127 bytes)
[2026-09-28T20:01:23Z] FETCH ok tmdc_squarespacefreeemail934785 -> https://t.mdcdev.me/squarespacefreeemail934785+ (http 200, 22027 bytes)
[2026-09-28T20:01:35Z] FETCH ok tmdc_evegelendiyarbakrescort772509 -> https://t.mdcdev.me/evegelendiyarbakrescort772509+ (http 200, 26646 bytes)
[2026-09-28T20:01:44Z] FETCH ok tmdc_mattressstoresaroundmyarea909270 -> https://t.mdcdev.me/mattressstoresaroundmyarea909270+ (http 200, 29690 bytes)
[2026-09-28T20:01:58Z] FETCH ok uoft_maagentxyz99999 -> https://uoft.me/maagentxyz99999+ (http 200, 2065 bytes)
[2026-09-28T20:02:01Z] fetch done: 16/18 ok
[2026-09-28T20:04:56Z] CBS popcat slug fetch start: 15 agent-grammar slugs (oaicbs220-227, oaifilt700-706), read-only, 3s pacing.
[2026-09-28T20:04:58Z] popcat/oaicbs220 -> http=200 bytes=3579
[2026-09-28T20:05:04Z] popcat/oaicbs221 -> http=200 bytes=3431
[2026-09-28T20:05:10Z] popcat/oaicbs222 -> http=200 bytes=3439
[2026-09-28T20:05:14Z] popcat/oaicbs223 -> http=200 bytes=3430
[2026-09-28T20:05:19Z] popcat/oaicbs224 -> http=200 bytes=3428
[2026-09-28T20:05:24Z] popcat/oaicbs225 -> http=200 bytes=3503
[2026-09-28T20:05:28Z] popcat/oaicbs226 -> http=200 bytes=3509
[2026-09-28T20:05:33Z] popcat/oaicbs227 -> http=200 bytes=3437
[2026-09-28T20:05:37Z] popcat/oaifilt700 -> http=200 bytes=3570
[2026-09-28T20:05:42Z] popcat/oaifilt701 -> http=200 bytes=3582
[2026-09-28T20:05:47Z] popcat/oaifilt702 -> http=200 bytes=3567
[2026-09-28T20:05:51Z] popcat/oaifilt703 -> http=200 bytes=3569
[2026-09-28T20:05:56Z] popcat/oaifilt704 -> http=200 bytes=3462
[2026-09-28T20:06:00Z] popcat/oaifilt705 -> http=200 bytes=3511
[2026-09-28T20:06:05Z] popcat/oaifilt706 -> http=200 bytes=3436
[2026-09-28T20:06:08Z] CBS popcat slug fetch done.
