2026-09-28T11:36:40Z lane-j-resweep start: 167 unverified total, 0 done, 167 todo (pace=6.0s, attempts=3)
2026-09-28T11:36:48Z 1/167 a----00proxy83005 -> absent (200)
2026-09-28T11:36:57Z 2/167 a----00proxy90278 -> absent (200)
2026-09-28T11:37:04Z 3/167 a----00proxy93049 -> absent (200)
2026-09-28T11:37:21Z 4/167 a--0zlink83721 -> IN_DIFFEND (1 vers, wave=2026-may-27, mechs=[])
2026-09-28T11:37:29Z 5/167 aaaaaaaaaaaaaaaaaaaaaaaaaaaaaaaaaaaaaaaaaaaaaaaaaaaaaaaaaaaaaaaaaaaaaaaaaaaaaaaaaaaaaaaaaaaaaaaaaaaa -> absent (200)
2026-09-28T11:37:37Z 6/167 agentxyztest987 -> absent (200)
2026-09-28T11:37:45Z 7/167 amd6002 -> absent (200)
2026-09-28T11:37:54Z 8/167 amdapi208076 -> absent (200)
2026-09-28T11:38:01Z 9/167 amdapi30894 -> absent (200)
2026-09-28T11:38:09Z 10/167 amdapi577106 -> absent (200)
2026-09-28T11:38:09Z cooldown 180s at 10/167 (found=1 absent=9 unconfirmed=0)
2026-09-28T11:41:17Z 11/167 amdapi811316 -> absent (200)
2026-09-28T11:41:25Z 12/167 amdmore280320 -> absent (200)
2026-09-28T11:41:33Z 13/167 amdmore690849 -> absent (200)
2026-09-28T11:41:40Z 14/167 amdmore730329 -> absent (200)
2026-09-28T11:41:48Z 15/167 amdmore843916 -> absent (200)
2026-09-28T11:41:55Z 16/167 amdvar134124 -> absent (200)
2026-09-28T11:42:03Z 17/167 amdvar670957 -> absent (200)
2026-09-28T11:42:11Z 18/167 amdvar775714 -> absent (200)
2026-09-28T11:42:18Z 19/167 amdvar877792 -> absent (200)
2026-09-28T11:42:26Z 20/167 amdvar967059 -> absent (200)
2026-09-28T11:42:26Z cooldown 180s at 20/167 (found=1 absent=19 unconfirmed=0)
2026-09-28T11:45:34Z 21/167 amdvar973520 -> absent (200)
2026-09-28T11:45:41Z 22/167 amdvar987523 -> absent (200)
2026-09-28T11:45:49Z 23/167 amdwc51950 -> absent (200)
2026-09-28T11:45:57Z 24/167 aoswfetchx -> absent (200)
2026-09-28T11:46:04Z 25/167 aoswproxy -> absent (200)
2026-09-28T11:46:12Z 26/167 aoswproxygemxkz -> absent (200)
2026-09-28T11:46:26Z 27/167 apex-blk-test-final -> IN_DIFFEND (1 vers, wave=2026-july-07, mechs=[])
2026-09-28T11:46:34Z 28/167 apex-cross-tenant-test-gem -> absent (200)
2026-09-28T11:46:42Z 29/167 apex-final-test-1783404427 -> absent (200)
2026-09-28T11:46:49Z 30/167 apex-platform-test -> absent (200)
2026-09-28T11:46:49Z cooldown 180s at 30/167 (found=2 absent=28 unconfirmed=0)
2026-09-28T11:49:58Z 31/167 apex-test-write-001 -> absent (200)
2026-09-28T11:50:05Z 32/167 apex-unique-1783401907 -> absent (200)
2026-09-28T11:50:13Z 33/167 apex_pub_test -> absent (200)
2026-09-28T11:50:21Z 34/167 apex_tar_test -> absent (200)
2026-09-28T11:50:29Z 35/167 apex_trav_depth -> absent (200)
2026-09-28T11:50:36Z 36/167 apexblack-prooftest-1783393772 -> absent (200)
2026-09-28T11:50:50Z 37/167 attacker-homepage-xss -> IN_DIFFEND (1 vers, wave=2026-july-07, mechs=['xss-exfil'])
2026-09-28T11:50:58Z 38/167 attacker-hunt-sandbox -> absent (200)
2026-09-28T11:51:06Z 39/167 attacker-oob-test -> absent (200)
2026-09-28T11:51:13Z 40/167 attacker-race-test -> absent (200)
2026-09-28T11:51:13Z cooldown 180s at 40/167 (found=3 absent=37 unconfirmed=0)
2026-09-28T17:41:50Z lane-j-resweep start: 167 unverified total, 40 done, 127 todo (pace=6.0s, attempts=3)
2026-09-28T17:41:58Z 1/127 attacker-ssrf-aws -> absent (200)
2026-09-28T17:42:06Z 2/127 attacker-ssrf-test -> absent (200)
2026-09-28T17:42:14Z 3/127 attacker-tenant-test-1 -> absent (200)
2026-09-28T17:42:22Z 4/127 attacker-tenant-test-2 -> absent (200)
2026-09-28T17:42:30Z 5/127 b--00cfjson34493 -> absent (200)
2026-09-28T17:42:38Z 6/127 benchfoobarurgent -> absent (200)
2026-09-28T17:42:46Z 7/127 c----00prx95921 -> absent (200)
2026-09-28T17:42:53Z 8/127 c--00cfjson93650 -> absent (200)
2026-09-28T17:43:01Z 9/127 chainproof-1783394106 -> absent (200)
2026-09-28T17:43:09Z 10/127 d--00cfjson81228 -> absent (200)
2026-09-28T17:43:09Z cooldown 180s at 10/127 (found=0 absent=10 unconfirmed=0)
2026-09-28T17:46:17Z 11/127 e----00prx14002 -> absent (200)
2026-09-28T17:46:25Z 12/127 e--00cfjson54623 -> absent (200)
2026-09-28T17:46:33Z 13/127 f----00prx54170 -> absent (200)
2026-09-28T17:46:41Z 14/127 f--00cfjson48784 -> absent (200)
2026-09-28T17:46:49Z 15/127 farmer-proxy-test220280 -> absent (200)
2026-09-28T17:46:56Z 16/127 g--00cfjson86936 -> absent (200)
2026-09-28T17:47:04Z 17/127 h----00prx31750 -> absent (200)
2026-09-28T17:47:12Z 18/127 h--00cfjson93555 -> absent (200)
2026-09-28T17:47:20Z 19/127 i----00prx82117 -> absent (200)
2026-09-28T17:47:28Z 20/127 j--00cfjson56761 -> absent (200)
2026-09-28T17:47:28Z cooldown 180s at 20/127 (found=0 absent=20 unconfirmed=0)
2026-09-28T17:50:36Z 21/127 k--00cfjson76652 -> absent (200)
2026-09-28T17:50:45Z 22/127 l----00prx71385 -> absent (200)
2026-09-28T17:50:53Z 23/127 l--00cfjson60781 -> absent (200)
2026-09-28T17:51:01Z 24/127 m----00prx87585 -> absent (200)
2026-09-28T17:51:09Z 25/127 noko-deep-1783406351 -> absent (200)
2026-09-28T17:51:18Z 26/127 nonexistent_test_xyz -> absent (200)
2026-09-28T17:51:26Z 27/127 o----00prx54063 -> absent (200)
2026-09-28T17:51:35Z 28/127 o--00cfjson48147 -> absent (200)
2026-09-28T17:51:44Z 29/127 oairti-quickpick-probe -> absent (200)
2026-09-28T17:51:56Z 30/127 owner-inject-1783404006 -> absent (200)
2026-09-28T17:51:56Z cooldown 180s at 30/127 (found=0 absent=30 unconfirmed=0)
2026-09-28T17:55:07Z 31/127 ownership-test-1783401924 -> absent (200)
2026-09-28T17:55:16Z 32/127 p--00cfjson89644 -> absent (200)
2026-09-28T17:55:27Z 33/127 proofgem-1783394594 -> absent (200)
2026-09-28T17:55:36Z 34/127 q----00cfproxy33293 -> absent (200)
2026-09-28T17:55:46Z 35/127 q----00cfproxy42863 -> absent (200)
2026-09-28T17:55:55Z 36/127 q---00cfshapes17215 -> absent (200)
2026-09-28T17:56:04Z 37/127 r--00cfjson19967 -> absent (200)
2026-09-28T17:56:12Z 38/127 s----00prx94667 -> absent (200)
2026-09-28T17:56:21Z 39/127 s--00cfjson40527 -> absent (200)
2026-09-28T17:56:29Z 40/127 seed-gem -> absent (200)
2026-09-28T17:56:29Z cooldown 180s at 40/127 (found=0 absent=40 unconfirmed=0)
2026-09-28T17:59:36Z 41/127 ssrf-dl-1e3f6f70 -> absent (200)
2026-09-28T17:59:45Z 42/127 ssrf-meta-1783405394 -> absent (200)
2026-09-28T17:59:53Z 43/127 ssrf-test-1783405321 -> absent (200)
2026-09-28T18:00:01Z 44/127 t----00prx76264 -> absent (200)
2026-09-28T18:00:09Z 45/127 t--00cfjson39837 -> absent (200)
2026-09-28T18:00:18Z 46/127 tempddxyz-g -> absent (200)
2026-09-28T18:00:26Z 47/127 tempzzhfar010test -> absent (200)
2026-09-28T18:00:34Z 48/127 test-apex-gem -> absent (200)
2026-09-28T18:00:42Z 49/127 test-deep-traversal -> absent (200)
2026-09-28T18:00:51Z 50/127 test-many-files -> absent (200)
2026-09-28T18:00:51Z cooldown 180s at 50/127 (found=0 absent=50 unconfirmed=0)
2026-09-28T18:04:06Z 51/127 test-metadata-xss-1 -> IN_DIFFEND (1 vers, wave=2026-july-07, mechs=['xss-exfil'])
2026-09-28T18:04:28Z 52/127 test-metadata-xss-3 -> IN_DIFFEND (1 vers, wave=2026-july-07, mechs=[])
2026-09-28T18:04:38Z 53/127 test-oidc-publisher -> absent (200)
2026-09-28T18:04:47Z 54/127 test-path-traversal -> absent (200)
2026-09-28T18:04:55Z 55/127 test-race-1783409031 -> absent (200)
2026-09-28T18:05:03Z 56/127 test-race-cond -> absent (200)
2026-09-28T18:05:11Z 57/127 test-security-gem -> absent (200)
2026-09-28T18:05:19Z 58/127 test-ssti-0 -> absent (200)
2026-09-28T18:05:27Z 59/127 test-ssti-1 -> absent (200)
2026-09-28T18:05:35Z 60/127 test-ssti-4 -> absent (200)
2026-09-28T18:05:35Z cooldown 180s at 60/127 (found=2 absent=58 unconfirmed=0)
2026-09-28T18:08:43Z 61/127 test-symlink-attack -> absent (200)
2026-09-28T18:08:51Z 62/127 test-tar-malform -> absent (200)
2026-09-28T18:08:59Z 63/127 test-ver-max -> absent (200)
2026-09-28T18:09:06Z 64/127 test-with-dash-char -> absent (200)
2026-09-28T18:09:14Z 65/127 test-xss-meta -> absent (200)
2026-09-28T18:09:36Z 66/127 test-xss-rhino -> IN_DIFFEND (3 vers, wave=2026-july-07, mechs=[])
2026-09-28T18:09:44Z 67/127 test-yaml-erb -> absent (200)
2026-09-28T18:09:59Z 68/127 test-yaml-rce -> IN_DIFFEND (1 vers, wave=2026-july-07, mechs=[])
2026-09-28T18:10:07Z 69/127 testbenchssrf -> absent (200)
2026-09-28T18:10:29Z 70/127 testgem-mini -> IN_DIFFEND (5 vers, wave=2026-july-07, mechs=[])
2026-09-28T18:10:29Z cooldown 180s at 70/127 (found=5 absent=65 unconfirmed=0)
2026-09-28T18:13:37Z 71/127 testpwidballzz -> absent (200)
2026-09-28T18:13:45Z 72/127 tmpagent1778268424 -> absent (200)
2026-09-28T18:13:53Z 73/127 tmpanmnzdokl -> absent (200)
2026-09-28T18:14:01Z 74/127 tmpzz-a0sw-proxyx -> absent (200)
2026-09-28T18:14:09Z 75/127 u--00cfjson87697 -> absent (200)
2026-09-28T18:14:18Z 76/127 ultimate4834 -> absent (200)
2026-09-28T18:14:26Z 77/127 unauthorized-test-1783395518 -> absent (200)
2026-09-28T18:14:34Z 78/127 v--00cfjson90159 -> absent (200)
2026-09-28T18:14:42Z 79/127 wctest73410 -> absent (200)
2026-09-28T18:14:50Z 80/127 webhook-fire-1783405247 -> absent (200)
2026-09-28T18:14:50Z cooldown 180s at 80/127 (found=5 absent=75 unconfirmed=0)
2026-09-28T18:17:58Z 81/127 webhook-payload-1783405583 -> absent (200)
2026-09-28T18:18:06Z 82/127 x--00cfmapjson726 -> absent (200)
2026-09-28T18:18:14Z 83/127 xkrbeqkjkg -> absent (200)
2026-09-28T18:18:22Z 84/127 xss-test-gem-001 -> absent (200)
2026-09-28T18:18:31Z 85/127 xss-trav-test -> absent (200)
2026-09-28T18:18:39Z 86/127 xssname-1783397821 -> absent (200)
2026-09-28T18:18:48Z 87/127 xxstest-1783395545 -> absent (200)
2026-09-28T18:18:56Z 88/127 y----00prx90485 -> absent (200)
2026-09-28T18:19:04Z 89/127 yank-scope-test-1783410282 -> absent (200)
2026-09-28T18:19:12Z 90/127 z----00prx58090 -> absent (200)
2026-09-28T18:19:12Z cooldown 180s at 90/127 (found=5 absent=85 unconfirmed=0)
2026-09-28T18:22:21Z 91/127 z---00cfshape56928 -> absent (200)
2026-09-28T18:22:32Z 92/127 z--00cfjson84800 -> absent (200)
2026-09-28T18:22:49Z 93/127 zlink83721 -> IN_DIFFEND (1 vers, wave=2026-may-27, mechs=[])
2026-09-28T18:23:02Z 94/127 zzaa -> absent (200)
2026-09-28T18:23:12Z 95/127 zzab -> absent (200)
2026-09-28T18:23:21Z 96/127 zzac -> absent (200)
2026-09-28T18:23:29Z 97/127 zzmetatestxyz -> absent (200)
2026-09-28T18:23:37Z 98/127 zzpa -> absent (200)
2026-09-28T18:23:45Z 99/127 zzpb -> absent (200)
2026-09-28T18:23:53Z 100/127 zzpc -> absent (200)
2026-09-28T18:23:53Z cooldown 180s at 100/127 (found=6 absent=94 unconfirmed=0)
2026-09-28T18:27:01Z 101/127 zzpd -> absent (200)
2026-09-28T18:27:09Z 102/127 zzpe -> absent (200)
2026-09-28T18:27:18Z 103/127 zzpf -> absent (200)
2026-09-28T18:27:26Z 104/127 zzpg -> absent (200)
2026-09-28T18:27:33Z 105/127 zzph -> absent (200)
2026-09-28T18:27:41Z 106/127 zzpi -> absent (200)
2026-09-28T18:27:49Z 107/127 zzpj -> absent (200)
2026-09-28T18:27:58Z 108/127 zzpk -> absent (200)
2026-09-28T18:28:06Z 109/127 zzpl -> absent (200)
2026-09-28T18:28:14Z 110/127 zzpm -> absent (200)
2026-09-28T18:28:14Z cooldown 180s at 110/127 (found=6 absent=104 unconfirmed=0)
2026-09-28T18:31:23Z 111/127 zzpn -> absent (200)
2026-09-28T18:31:31Z 112/127 zzpo -> absent (200)
2026-09-28T18:31:38Z 113/127 zzpp -> absent (200)
2026-09-28T18:31:46Z 114/127 zzpq -> absent (200)
2026-09-28T18:31:54Z 115/127 zzpr -> absent (200)
2026-09-28T18:32:02Z 116/127 zzproxytestabcxyz -> absent (200)
2026-09-28T18:32:10Z 117/127 zzps -> absent (200)
2026-09-28T18:32:18Z 118/127 zzpt -> absent (200)
2026-09-28T18:32:26Z 119/127 zzpu -> absent (200)
2026-09-28T18:32:34Z 120/127 zzpv -> absent (200)
2026-09-28T18:32:34Z cooldown 180s at 120/127 (found=6 absent=114 unconfirmed=0)
2026-09-28T18:35:42Z 121/127 zzpw -> absent (200)
2026-09-28T18:35:50Z 122/127 zzpx -> absent (200)
2026-09-28T18:35:58Z 123/127 zzpy -> absent (200)
2026-09-28T18:36:06Z 124/127 zzpz -> absent (200)
2026-09-28T18:36:13Z 125/127 zztest1778260044 -> absent (200)
2026-09-28T18:36:21Z 126/127 zzzagent0mzqkj1f_proxy -> absent (200)
2026-09-28T18:36:29Z 127/127 attacker-xss-admin-1 -> absent (200)
2026-09-28T18:36:29Z lane-j-resweep sweep complete: found=6 absent=121 unconfirmed=0 of 127 attempted
2026-09-28T18:36:29Z merge: replaced 167/264 rows in diffend_sweep_results_july7.jsonl; row count 264 validated
RESWEEP-EXIT=0
