2026-09-28T23:53:22.922987+00:00 REGISTRY cybergym/oss-fuzz-base-runner: 4 tags
2026-09-28T23:53:28.029193+00:00 REGISTRY cybergym/oss-fuzz: 1256 tags
2026-09-28T23:53:53.220904+00:00 REGISTRY cybergym/arvo: 10280 tags
2026-09-28T23:53:56.894957+00:00 REGISTRY cybergym/e2e: 66 tags
2026-09-28T23:54:00.728994+00:00 REGISTRY cybergym/new-oss-fuzz: 92 tags
2026-09-28T23:54:05.268582+00:00 REGISTRY cybergym/new-arvo: 142 tags
2026-09-28T23:54:08.842461+00:00 REGISTRY cybergym/v8-cve-2020-6418: 1 tags
2026-09-28T23:54:12.253842+00:00 REGISTRY cybergym/kernelctf-target: 74 tags
2026-09-28T23:54:18.153712+00:00 REGISTRY cybergym/v8: 1121 tags
2026-09-28T23:54:21.609761+00:00 REGISTRY cybergym/syzbot-target: 192 tags
2026-09-28T23:54:25.399554+00:00 REGISTRY cybergym/nofuzz: 288 tags
2026-09-28T23:54:29.763021+00:00 REGISTRY cybergym/agent-scorer: 1 tags
2026-09-28T23:54:33.705164+00:00 REGISTRY cybergym/agent-image: 1 tags
2026-09-28T23:54:40.212581+00:00 REGISTRY n132/pwn: 6 tags
2026-09-28T23:54:44.659989+00:00 REGISTRY n132/kernel-compiler: 1 tags
2026-09-28T23:54:49.414321+00:00 REGISTRY n132/osiris: 1 tags
2026-09-28T23:55:54.938296+00:00 REGISTRY n132/arvo: 23907 tags
2026-09-28T23:55:58.059993+00:00 REGISTRY n132/linux-kernel: 2 tags
2026-09-28T23:56:01.370200+00:00 REGISTRY n132/bootlin-local: 1 tags
2026-09-28T23:56:04.861121+00:00 REGISTRY n132/cedalion: 1 tags
