2026-09-29T09:49:02+00:00 total 3025, done 25, todo 3000
2026-09-29T09:49:05+00:00 0/3000 ... aicalllngxwwh -> oow_hits=0 fetch_fail=0
2026-09-29T09:51:19+00:00 50/3000 ... aiwsynezxalw -> oow_hits=0 fetch_fail=0
2026-09-29T09:53:41+00:00 100/3000 ... apex-black-fuzz-003r -> oow_hits=0 fetch_fail=0
2026-09-29T09:55:54+00:00 150/3000 ... apex-black-test-012 -> oow_hits=0 fetch_fail=0
2026-09-29T09:58:11+00:00 200/3000 ... apex_xss_test -> oow_hits=0 fetch_fail=0
2026-09-29T10:00:26+00:00 250/3000 ... chatoaifetch177855390730 -> oow_hits=0 fetch_fail=0
2026-09-29T10:02:34+00:00 300/3000 ... daswandcal71 -> oow_hits=0 fetch_fail=0
2026-09-29T10:04:42+00:00 350/3000 ... eiljtiiahbuj -> oow_hits=0 fetch_fail=0
2026-09-29T10:06:49+00:00 400/3000 ... fosscw3 -> oow_hits=0 fetch_fail=0
2026-09-29T10:09:05+00:00 450/3000 ... hgpathr2 -> oow_hits=0 fetch_fail=0
2026-09-29T10:11:17+00:00 500/3000 ... k--00cfjson76652 -> oow_hits=0 fetch_fail=0
2026-09-29T10:13:25+00:00 550/3000 ... lambhgproxyoai -> oow_hits=1 fetch_fail=0
2026-09-29T10:15:32+00:00 600/3000 ... lamedoc1 -> oow_hits=1 fetch_fail=0
2026-09-29T10:17:47+00:00 650/3000 ... lbcaltestljjirx -> oow_hits=1 fetch_fail=0
2026-09-29T10:19:50+00:00 700/3000 ... lbrssyrofhwlco -> oow_hits=1 fetch_fail=0
2026-09-29T10:22:06+00:00 750/3000 ... lf295q4 -> oow_hits=1 fetch_fail=0
2026-09-29T10:24:24+00:00 800/3000 ... m8249v0oem -> oow_hits=1 fetch_fail=0
2026-09-29T10:26:47+00:00 850/3000 ... mvv1 -> oow_hits=1 fetch_fail=0
2026-09-29T10:29:07+00:00 900/3000 ... nwcid320 -> oow_hits=1 fetch_fail=0
2026-09-29T10:31:12+00:00 950/3000 ... oaifx1955773 -> oow_hits=1 fetch_fail=0
2026-09-29T10:33:15+00:00 1000/3000 ... oaijbzravdemr -> oow_hits=1 fetch_fail=0
2026-09-29T10:35:21+00:00 1050/3000 ... oailm6 -> oow_hits=1 fetch_fail=0
2026-09-29T10:37:41+00:00 1100/3000 ... oaitfossilxbnowl -> oow_hits=1 fetch_fail=0
2026-09-29T10:39:46+00:00 1150/3000 ... oakmi16000 -> oow_hits=1 fetch_fail=0
2026-09-29T10:41:57+00:00 1200/3000 ... proxymeta1270 -> oow_hits=1 fetch_fail=0
2026-09-29T10:44:12+00:00 1250/3000 ... q----00cfproxy33293 -> oow_hits=1 fetch_fail=0
2026-09-29T10:46:28+00:00 1300/3000 ... rfetchi -> oow_hits=1 fetch_fail=0
2026-09-29T10:48:40+00:00 1350/3000 ... sac7635b0f -> oow_hits=1 fetch_fail=0
2026-09-29T10:50:46+00:00 1400/3000 ... sgpakpubiz -> oow_hits=1 fetch_fail=0
2026-09-29T10:52:50+00:00 1450/3000 ... slnciguegg -> oow_hits=1 fetch_fail=0
2026-09-29T10:54:54+00:00 1500/3000 ... slnprobe18 -> oow_hits=1 fetch_fail=0
