2026-09-28T06:53:42Z supervisor start
2026-09-28T06:53:53Z supervisor: wayback still down
2026-09-28T06:53:54Z supervisor: CC index still down
2026-09-28T07:53:00Z supervisor start
2026-09-28T07:53:19Z supervisor: launched wb_sweep.py (backend recovered)
2026-09-28T07:53:20Z supervisor: CC index still down
2026-09-28T08:52:28Z supervisor start
2026-09-28T08:52:35Z supervisor: launched wb_sweep.py (backend recovered)
2026-09-28T08:52:36Z supervisor: CC index still down
2026-09-28T09:02:42Z supervisor: wayback still down
2026-09-28T09:02:43Z supervisor: CC index still down
2026-09-28T09:12:52Z supervisor: launched wb_sweep.py (backend recovered)
2026-09-28T09:12:53Z supervisor: CC index still down
2026-09-28T09:23:00Z supervisor: launched wb_sweep.py (backend recovered)
2026-09-28T09:23:02Z supervisor: CC index still down
2026-09-28T09:33:08Z supervisor: wayback still down
2026-09-28T09:33:09Z supervisor: CC index still down
2026-09-28T09:52:13Z supervisor start
2026-09-28T09:52:39Z supervisor: wayback still down
2026-09-28T09:52:40Z supervisor: CC index still down
2026-09-28T10:02:46Z supervisor: wayback still down
2026-09-28T10:02:47Z supervisor: CC index still down
2026-09-28T10:13:12Z supervisor: wayback still down
2026-09-28T10:13:13Z supervisor: CC index still down
2026-09-28T10:23:38Z supervisor: wayback still down
2026-09-28T10:23:39Z supervisor: CC index still down
2026-09-28T10:34:04Z supervisor: wayback still down
2026-09-28T10:34:05Z supervisor: CC index still down
2026-09-28T10:44:16Z supervisor: wayback still down
2026-09-28T10:44:17Z supervisor: CC index still down
2026-09-28T10:54:34Z supervisor: launched wb_sweep.py (backend recovered)
2026-09-28T10:54:35Z supervisor: CC index still down
2026-09-28T11:04:46Z supervisor: wayback still down
2026-09-28T11:04:47Z supervisor: CC index still down
2026-09-28T11:15:12Z supervisor: wayback still down
2026-09-28T11:15:13Z supervisor: CC index still down
2026-09-28T11:25:19Z supervisor: wayback still down
2026-09-28T11:25:20Z supervisor: CC index still down
2026-09-28T11:35:35Z supervisor: launched wb_sweep.py (backend recovered)
2026-09-28T11:35:40Z supervisor: CC index still down
2026-09-28T11:38:25Z supervisor v2: start (window ends 2026-09-29 12:00 UTC)
2026-09-28T11:38:32Z supervisor v2: wayback still down
2026-09-28T11:38:33Z supervisor v2: CC index still down
2026-09-28T11:48:58Z supervisor v2: wayback still down
2026-09-28T11:48:59Z supervisor v2: CC index still down
2026-09-28T17:36:55Z supervisor v3: start (window ends 2026-09-30 12:00 UTC)
2026-09-28T17:37:20Z supervisor v3: wayback still down
2026-09-28T17:37:33Z supervisor v3: CC index still down
2026-09-28T17:47:40Z supervisor v3: launched wb_sweep.py (backend recovered)
2026-09-28T17:47:46Z supervisor v3: launched sweep3.py (backend recovered)
2026-09-28T17:47:46Z supervisor v3: launched sweep4.py (backend recovered)
2026-09-28T17:47:46Z supervisor v3: launched pattern_sweep.py (backend recovered)
2026-09-28T18:07:55Z supervisor v3: CC index still down
2026-09-28T18:17:56Z supervisor v3: CC index still down
2026-09-28T18:27:58Z supervisor v3: CC index still down
2026-09-28T18:37:59Z supervisor v3: CC index still down
2026-09-28T18:48:01Z supervisor v3: CC index still down
2026-09-28T19:10:19Z supervisor v3: start (window ends 2026-09-30 12:00 UTC)
2026-09-28T19:10:44Z supervisor v3: wayback still down
2026-09-28T19:10:45Z supervisor v3: CC index still down
2026-09-28T19:21:16Z supervisor v4: start (window ends 2026-09-30 12:00 UTC)
2026-09-28T19:21:28Z supervisor v4: wayback still down
2026-09-28T19:21:29Z supervisor v4: CC index still down
2026-09-28T19:31:36Z supervisor v4: wayback still down
2026-09-28T19:31:37Z supervisor v4: CC index still down
2026-09-28T19:42:02Z supervisor v4: wayback still down
2026-09-28T19:42:04Z supervisor v4: CC index still down
2026-09-28T19:52:15Z supervisor v4: wayback still down
2026-09-28T19:52:16Z supervisor v4: CC index still down
2026-09-28T20:02:33Z supervisor v4: launched wb_sweep.py (backend recovered)
2026-09-28T20:02:38Z supervisor v4: CC index still down
2026-09-28T20:12:41Z supervisor v4: CC index still down
2026-09-28T20:22:43Z supervisor v4: CC index still down
2026-09-28T20:52:39Z supervisor v4: start (window ends 2026-09-30 12:00 UTC)
2026-09-28T20:52:50Z supervisor v4: wayback still down
2026-09-28T20:52:51Z supervisor v4: CC index still down
2026-09-28T21:03:16Z supervisor v4: wayback still down
2026-09-28T21:03:17Z supervisor v4: CC index still down
2026-09-28T21:13:42Z supervisor v4: wayback still down
2026-09-28T21:13:43Z supervisor v4: CC index still down
2026-09-28T21:24:05Z supervisor v4: launched wb_sweep.py (backend recovered)
2026-09-28T21:24:07Z supervisor v4: CC index still down
2026-09-28T21:34:08Z supervisor v4: CC index still down
2026-09-28T21:44:09Z supervisor v4: CC index still down
2026-09-28T21:54:11Z supervisor v4: launched sweep3.py (backend recovered)
2026-09-28T21:54:11Z supervisor v4: launched sweep4.py (backend recovered)
2026-09-28T21:54:11Z supervisor v4: launched pattern_sweep.py (backend recovered)
2026-09-28T21:54:11Z supervisor v4: launched shortener_cc_sweep.py (backend recovered)
2026-09-28T22:04:12Z supervisor v4: CC index still down
2026-09-28T22:14:13Z supervisor v4: CC index still down
2026-09-28T22:24:15Z supervisor v4: CC index still down
2026-09-28T22:34:17Z supervisor v4: CC index still down
2026-09-28T22:44:18Z supervisor v4: CC index still down
2026-09-28T22:54:09Z supervisor v4: start (window ends 2026-09-30 12:00 UTC)
2026-09-28T22:54:20Z supervisor v4: wayback still down
2026-09-28T22:54:21Z supervisor v4: CC index still down
2026-09-28T23:04:22Z supervisor v4: CC index still down
2026-09-28T23:14:23Z supervisor v4: CC index still down
2026-09-28T23:24:24Z supervisor v4: CC index still down
2026-09-28T23:34:25Z supervisor v4: CC index still down
2026-09-28T23:44:26Z supervisor v4: CC index still down
2026-09-28T23:54:30Z supervisor v4: CC index still down
2026-09-29T00:04:31Z supervisor v4: CC index still down
2026-09-29T00:14:33Z supervisor v4: CC index still down
2026-09-29T00:24:45Z supervisor v4: CC index still down
2026-09-29T00:34:56Z supervisor v4: CC index still down
2026-09-29T00:45:00Z supervisor v4: launched sweep3.py (backend recovered)
2026-09-29T00:45:00Z supervisor v4: launched sweep4.py (backend recovered)
2026-09-29T00:45:00Z supervisor v4: launched pattern_sweep.py (backend recovered)
2026-09-29T00:45:00Z supervisor v4: launched shortener_cc_sweep.py (backend recovered)
2026-09-29T00:55:02Z supervisor v4: CC index still down
2026-09-29T01:05:04Z supervisor v4: CC index still down
2026-09-29T01:15:13Z supervisor v4: launched shortener_cc_sweep.py (backend recovered)
2026-09-29T01:25:14Z supervisor v4: launched shortener_cc_sweep.py (backend recovered)
