2026-09-28T23:35:53.629030+00:00 DONE cybergym/oss-fuzz-base-runner: 4 tags
2026-09-28T23:46:03.295854+00:00 SKIP cybergym/oss-fuzz-base-runner complete (4/4)
2026-09-28T23:46:04.617016+00:00 RESUME cybergym/oss-fuzz: have 1000/1256, pages 11..13
2026-09-28T23:46:06.077251+00:00 HTTP 403 on https://hub.docker.com/v2/repositories/cybergym/oss-fuzz/tags page — sleeping 5s (try 1/8)
2026-09-28T23:46:12.232381+00:00 HTTP 403 on https://hub.docker.com/v2/repositories/cybergym/oss-fuzz/tags page — sleeping 10s (try 2/8)
2026-09-28T23:46:23.408290+00:00 HTTP 403 on https://hub.docker.com/v2/repositories/cybergym/oss-fuzz/tags page — sleeping 20s (try 3/8)
2026-09-28T23:46:44.583458+00:00 HTTP 403 on https://hub.docker.com/v2/repositories/cybergym/oss-fuzz/tags page — sleeping 40s (try 4/8)
2026-09-28T23:47:26.006265+00:00 HTTP 403 on https://hub.docker.com/v2/repositories/cybergym/oss-fuzz/tags page — sleeping 80s (try 5/8)
2026-09-28T23:53:22.922987+00:00 REGISTRY cybergym/oss-fuzz-base-runner: 4 tags
2026-09-28T23:53:28.029193+00:00 REGISTRY cybergym/oss-fuzz: 1256 tags
2026-09-28T23:53:53.220904+00:00 REGISTRY cybergym/arvo: 10280 tags
2026-09-28T23:53:56.894957+00:00 REGISTRY cybergym/e2e: 66 tags
2026-09-28T23:53:58.661610+00:00 HUB10 cybergym/arvo: 1000 tags
2026-09-28T23:54:00.728994+00:00 REGISTRY cybergym/new-oss-fuzz: 92 tags
2026-09-28T23:54:05.268582+00:00 REGISTRY cybergym/new-arvo: 142 tags
2026-09-28T23:54:08.842461+00:00 REGISTRY cybergym/v8-cve-2020-6418: 1 tags
2026-09-28T23:54:12.253842+00:00 REGISTRY cybergym/kernelctf-target: 74 tags
2026-09-28T23:54:18.153712+00:00 REGISTRY cybergym/v8: 1121 tags
2026-09-28T23:54:21.609761+00:00 REGISTRY cybergym/syzbot-target: 192 tags
2026-09-28T23:54:25.399554+00:00 REGISTRY cybergym/nofuzz: 288 tags
2026-09-28T23:54:29.763021+00:00 REGISTRY cybergym/agent-scorer: 1 tags
2026-09-28T23:54:31.552216+00:00 HUB10 cybergym/v8: 1000 tags
2026-09-28T23:54:33.705164+00:00 REGISTRY cybergym/agent-image: 1 tags
2026-09-28T23:54:37.741612+00:00 HUB10 cybergym/syzbot-target: 192 tags
2026-09-28T23:54:40.212581+00:00 REGISTRY n132/pwn: 6 tags
2026-09-28T23:54:44.659989+00:00 REGISTRY n132/kernel-compiler: 1 tags
2026-09-28T23:54:47.775300+00:00 HUB10 cybergym/nofuzz: 288 tags
2026-09-28T23:54:49.414321+00:00 REGISTRY n132/osiris: 1 tags
2026-09-28T23:54:49.791097+00:00 HUB10 cybergym/kernelctf-target: 74 tags
2026-09-28T23:54:51.621834+00:00 HUB10 cybergym/e2e: 66 tags
2026-09-28T23:54:57.214851+00:00 HUB10 cybergym/new-arvo: 142 tags
2026-09-28T23:54:58.725868+00:00 HUB10 cybergym/new-oss-fuzz: 92 tags
2026-09-28T23:55:00.456715+00:00 HUB10 cybergym/agent-image: 1 tags
2026-09-28T23:55:01.949373+00:00 HUB10 cybergym/agent-scorer: 1 tags
2026-09-28T23:55:03.702409+00:00 HUB10 cybergym/v8-cve-2020-6418: 1 tags
2026-09-28T23:55:38.248986+00:00 HUB10 n132/arvo: 1000 tags
2026-09-28T23:55:39.731429+00:00 HUB10 n132/linux-kernel: 2 tags
2026-09-28T23:55:41.394224+00:00 HUB10 n132/cedalion: 1 tags
2026-09-28T23:55:43.523374+00:00 HUB10 n132/pwn: 6 tags
2026-09-28T23:55:45.149871+00:00 HUB10 n132/kernel-compiler: 1 tags
2026-09-28T23:55:46.659080+00:00 HUB10 n132/osiris: 1 tags
2026-09-28T23:55:48.521035+00:00 HUB10 n132/bootlin-local: 1 tags
2026-09-28T23:55:54.938296+00:00 REGISTRY n132/arvo: 23907 tags
2026-09-28T23:55:58.059993+00:00 REGISTRY n132/linux-kernel: 2 tags
2026-09-28T23:56:01.370200+00:00 REGISTRY n132/bootlin-local: 1 tags
2026-09-28T23:56:04.861121+00:00 REGISTRY n132/cedalion: 1 tags
2026-09-28T23:58:48.746874+00:00 SKIP cybergym/oss-fuzz-base-runner complete (4/4)
2026-09-28T23:58:50.257155+00:00 RESUME cybergym/oss-fuzz: have 1000/1256, pages 11..13
2026-09-28T23:58:51.395916+00:00 HTTP 403 on https://hub.docker.com/v2/repositories/cybergym/oss-fuzz/tags page — sleeping 5s (try 1/8)
2026-09-28T23:58:57.762444+00:00 HTTP 403 on https://hub.docker.com/v2/repositories/cybergym/oss-fuzz/tags page — sleeping 10s (try 2/8)
2026-09-28T23:59:08.890109+00:00 HTTP 403 on https://hub.docker.com/v2/repositories/cybergym/oss-fuzz/tags page — sleeping 20s (try 3/8)
2026-09-28T23:59:30.063874+00:00 HTTP 403 on https://hub.docker.com/v2/repositories/cybergym/oss-fuzz/tags page — sleeping 40s (try 4/8)
2026-09-29T00:00:11.374751+00:00 HTTP 403 on https://hub.docker.com/v2/repositories/cybergym/oss-fuzz/tags page — sleeping 80s (try 5/8)
2026-09-29T00:01:32.767427+00:00 HTTP 403 on https://hub.docker.com/v2/repositories/cybergym/oss-fuzz/tags page — sleeping 120s (try 6/8)
2026-09-29T00:03:33.943013+00:00 HTTP 403 on https://hub.docker.com/v2/repositories/cybergym/oss-fuzz/tags page — sleeping 120s (try 7/8)
2026-09-29T00:05:35.451114+00:00 HTTP 403 on https://hub.docker.com/v2/repositories/cybergym/oss-fuzz/tags page — sleeping 120s (try 8/8)
2026-09-29T00:08:00.000000+00:00 VERIFIED-CLOSED-BOUNDED-PARTIAL fetch_tags.py deep-pagination resume (cybergym/oss-fuzz pages 11..13): HTTP 403 on ALL 8 tries (5s..120s backoff) at page_size=100&page=11 — same documented anonymous-pagination wall ("pagination offset too large for anonymous requests; sign in to page further"). NOT transient, NOT worked around (read-only guard, no login, no evasion). Exact state: repo-cybergym-oss-fuzz.jsonl have=1000/total=1256 (pages 1..10, metadata complete); repo-cybergym-oss-fuzz-base-runner.jsonl 4/4 DONE; registry-tags-*.json 20/20 complete (37,337 tags); final-*.jsonl 20/20 reconcile 1:1 with registry counts. Hub metadata beyond offset 1000 for the 4 large repos is a standing API limit, not a data gap we can close read-only. Lane enumerates everything publicly enumerable.
