2026-09-28T18:27:50Z shortener-cdx retry started; deadline 2026-09-30T12:00:00Z
2026-09-28T18:28:10Z Wayback CDX still down (probe=000); retry in 15 min
2026-09-28T18:43:17Z Wayback CDX still down (probe=503); retry in 15 min
2026-09-28T19:10:19Z shortener-cdx retry started; deadline 2026-09-30T12:00:00Z
2026-09-28T19:10:39Z Wayback CDX still down (probe=000); retry in 15 min
2026-09-28T19:25:59Z Wayback CDX still down (probe=000); retry in 15 min
2026-09-28T19:41:19Z Wayback CDX still down (probe=000); retry in 15 min
2026-09-28T19:56:27Z Wayback CDX reachable (probe 200); running pull_and_explode.py
[19:56:27] CDX: https://goto.unm.edu/7t6-o+
[19:57:18]   2 captures
[19:57:31]   download failed 20260909023754: <urlopen error Remote end closed connection without response>
[19:57:34]   download failed 20260910014408: IncompleteRead(13806 bytes read, 7039 more expected)
[19:57:34] CDX: https://goto.unm.edu/discvr+
[19:57:40]   CDX failed: HTTP Error 503: Service Unavailable
[19:57:40] CDX: https://goto.unm.edu/reso+
[19:57:46]   CDX failed: Remote end closed connection without response
[19:57:46] CDX: https://goto.unm.edu/urphy21+
[19:57:51]   CDX failed: HTTP Error 503: Service Unavailable
[19:57:51] CDX: https://goto.unm.edu/vbudg+
[19:58:10]   0 captures
[19:58:10] CDX: https://u.ethz.ch/nB1nv+
[19:58:20]   CDX failed: Remote end closed connection without response
[19:58:20] CDX: https://url.popcat.xyz/5vtSk2RG2f/info
[19:58:53]   CDX failed: Remote end closed connection without response
[19:58:53] CDX: https://url.popcat.xyz/IRZTIxDlZ/info
[19:59:45]   3 captures
[19:59:53]   20260512030438: 0 referrer rows (raw-only)
[19:59:57]   20260908215028: 0 referrer rows (raw-only)
[20:00:04]   download failed 20260909013456: Remote end closed connection without response
[20:00:04] CDX: https://go.uvm.edu/-4s0q+
[20:00:09]   CDX failed: HTTP Error 503: Service Unavailable
[20:00:09] CDX: https://go.uvm.edu/tgmtq+
[20:01:20]   CDX failed: The read operation timed out
[20:01:20] CDX: https://go.uvm.edu/xc26+
[20:01:36]   CDX failed: Remote end closed connection without response
[20:01:36] CDX: https://vanderbi.lt/agentdamacosh777+
[20:02:23]   0 captures
[20:02:23] captures=2 evidence=2
[20:02:23] appended 2 new event docs (0 already present)
[20:02:23] DONE
2026-09-28T20:02:23Z pull+explode succeeded; committing
warning: in the working copy of 'data/university-shorteners/wayback/IRZTIxDlZ/20260512030438.html', CRLF will be replaced by LF the next time Git touches it
[main c7936fb] Shortener-stats Wayback slice: CDX recovered, captures pulled + exploded per-row (disk-staged, no hosted writes)
 10 files changed, 409 insertions(+), 1 deletion(-)
 create mode 100644 data/university-shorteners/wayback/DONE
 create mode 100644 data/university-shorteners/wayback/IRZTIxDlZ/20260512030438.html
 create mode 100644 data/university-shorteners/wayback/IRZTIxDlZ/20260908215028.html
 create mode 100644 data/university-shorteners/wayback/IRZTIxDlZ/IRZTIxDlZ_referrer_urls_daily_wayback_20260512030438.json
 create mode 100644 data/university-shorteners/wayback/IRZTIxDlZ/IRZTIxDlZ_referrer_urls_daily_wayback_20260908215028.json
 create mode 100644 data/university-shorteners/wayback/SHA256SUMS
 create mode 100644 data/university-shorteners/wayback/manifest.json
To https://github.com/christopherwoodall/silent-locus.git
   b8bde6b..c7936fb  main -> main
2026-09-28T20:02:29Z standing retry COMPLETE
