2026-09-28T23:36:13+0000 === sweep start ===
2026-09-28T23:36:17+0000 === sweep start ===
2026-09-28T23:36:28+0000 QUERY exploitgym_july: total_hits=134 returned=30
2026-09-28T23:36:43+0000 QUERY exploitgym_unscoped: total_hits=967 returned=29
2026-09-28T23:36:52+0000 QUERY catflag_july: total_hits=1 returned=1
2026-09-28T23:37:02+0000 QUERY catflag_unscoped: total_hits=11 returned=11
2026-09-28T23:37:08+0000 QUERY restart_server_july: total_hits=3 returned=3
2026-09-28T23:37:23+0000 QUERY restart_server_unscoped: total_hits=19 returned=19
2026-09-28T23:37:31+0000 QUERY submit_vul_july: total_hits=12 returned=12
2026-09-28T23:38:22+0000 === sweep start ===
2026-09-28T23:38:22+0000 SKIP exploitgym_july (cached)
2026-09-28T23:38:22+0000 QUERY exploitgym_july: total_hits=134 returned=30
2026-09-28T23:38:24+0000 SKIP exploitgym_unscoped (cached)
2026-09-28T23:38:24+0000 QUERY exploitgym_unscoped: total_hits=967 returned=29
2026-09-28T23:38:26+0000 SKIP catflag_july (cached)
2026-09-28T23:38:26+0000 QUERY catflag_july: total_hits=1 returned=1
2026-09-28T23:38:28+0000 SKIP catflag_unscoped (cached)
2026-09-28T23:38:28+0000 QUERY catflag_unscoped: total_hits=11 returned=11
2026-09-28T23:38:30+0000 SKIP restart_server_july (cached)
2026-09-28T23:38:30+0000 QUERY restart_server_july: total_hits=3 returned=3
2026-09-28T23:38:32+0000 SKIP restart_server_unscoped (cached)
2026-09-28T23:38:32+0000 QUERY restart_server_unscoped: total_hits=19 returned=19
2026-09-28T23:38:34+0000 SKIP submit_vul_july (cached)
2026-09-28T23:38:34+0000 QUERY submit_vul_july: total_hits=12 returned=12
2026-09-28T23:38:36+0000 SKIP submit_vul_unscoped (cached)
2026-09-28T23:38:36+0000 QUERY submit_vul_unscoped: total_hits=0 returned=0
2026-09-28T23:38:41+0000 QUERY m47push2_unscoped: total_hits=0 returned=0
2026-09-28T23:38:47+0000 QUERY m47push2_july: total_hits=0 returned=0
2026-09-28T23:38:53+0000 QUERY m47bmbox_unscoped: total_hits=0 returned=0
2026-09-28T23:38:58+0000 QUERY m47bmbox_july: total_hits=0 returned=0
2026-09-28T23:39:04+0000 QUERY cybergym_arvo_july: total_hits=0 returned=0
2026-09-28T23:39:09+0000 QUERY cybergym_arvo_unscoped: total_hits=0 returned=0
2026-09-28T23:39:13+0000 QUERY cybergym_july: total_hits=1 returned=1
2026-09-28T23:39:15+0000 === sweep done ===
2026-09-28T23:39:15+0000 === sweep v2 start ===
2026-09-28T23:39:19+0000 QUERY v2_exploitgym_july: total_hits=134 returned=30
2026-09-28T23:39:28+0000 QUERY v2_exploitgym_unscoped: total_hits=967 returned=29
2026-09-28T23:39:32+0000 QUERY v2_catflag_july: total_hits=1 returned=1
2026-09-28T23:39:37+0000 QUERY v2_catflag_unscoped: total_hits=11 returned=11
2026-09-28T23:39:42+0000 QUERY v2_restart_server_july: total_hits=3 returned=3
2026-09-28T23:39:50+0000 QUERY v2_restart_server_unscoped: total_hits=19 returned=19
2026-09-28T23:39:55+0000 QUERY v2_submit_vul_july: total_hits=0 returned=0
2026-09-28T23:40:01+0000 QUERY v2_submit_vul_unscoped: total_hits=0 returned=0
2026-09-28T23:40:06+0000 QUERY v2_m47push2: total_hits=0 returned=0
2026-09-28T23:40:11+0000 QUERY v2_m47bmbox: total_hits=0 returned=0
2026-09-28T23:40:16+0000 QUERY v2_m47bbox_variant: total_hits=0 returned=0
2026-09-28T23:40:22+0000 QUERY v2_cybergym_arvo_july: total_hits=0 returned=0
2026-09-28T23:40:26+0000 QUERY v2_cybergym_arvo_unscoped: total_hits=0 returned=0
2026-09-28T23:40:31+0000 QUERY v2_cybergym_july: total_hits=1 returned=1
2026-09-28T23:40:39+0000 QUERY v2_http_restart_server: total_hits=0 returned=0
2026-09-28T23:40:44+0000 QUERY v2_http_submit_vul: total_hits=0 returned=0
2026-09-28T23:40:51+0000 QUERY v2_http_catflag: total_hits=0 returned=0
2026-09-28T23:40:55+0000 QUERY v2_http_m47bmbox: total_hits=0 returned=0
2026-09-28T23:41:00+0000 QUERY v2_http_cybergym: total_hits=4 returned=4
2026-09-28T23:41:02+0000 === sweep v2 done ===
[2026-09-28T23:55Z] NIGHT WATCH verified-closed: dataset on disk + committed (39-query sweep, hits.jsonl 9 rows, raw API responses, SHA256SUMS OK, note); clean negative — no marker-in-URL incident traffic; no ES index (clean-negative lane convention). DONE
