2026-09-28T03:09:07Z retry pass: 672 failures total, 0 done, 672 todo
2026-09-28T03:09:17Z 1/672 prx34ae9b4ae3 -> in_diffend=True mechs=['go-import:vcs=unknown', 'jina-laundered']
2026-09-28T03:09:28Z 2/672 prx92ddbfc4c5 -> in_diffend=True mechs=['go-import:vcs=unknown', 'jina-laundered']
2026-09-28T03:09:37Z 3/672 prxdfbdfbeb3b -> in_diffend=True mechs=['go-import:vcs=unknown', 'jina-laundered']
2026-09-28T03:09:47Z 4/672 pwnldir1 -> in_diffend=True mechs=['go-import:vcs=unknown', 'empty-summary']
2026-09-28T03:09:56Z 5/672 pwnwtest1 -> in_diffend=True mechs=['go-import:vcs=unknown', 'jina-laundered', 'empty-summary']
2026-09-28T03:10:02Z 6/672 qagaismkupj -> in_diffend=False mechs=[]
2026-09-28T03:10:08Z 7/672 qagcimtffzt -> in_diffend=False mechs=[]
2026-09-28T03:10:14Z 8/672 qageegqgmnk -> in_diffend=False mechs=[]
2026-09-28T03:10:21Z 9/672 qagehndongu -> in_diffend=False mechs=[]
2026-09-28T03:10:27Z 10/672 qagfoukolga -> in_diffend=False mechs=[]
2026-09-28T03:10:35Z 11/672 qagfypuewln -> in_diffend=False mechs=[]
2026-09-28T03:10:40Z 12/672 qagloqwrnfv -> in_diffend=False mechs=[]
2026-09-28T03:10:46Z 13/672 qagnajvsmyl -> in_diffend=False mechs=[]
2026-09-28T03:10:52Z 14/672 qagnvmckazu -> in_diffend=False mechs=[]
2026-09-28T03:10:57Z 15/672 qagpujyfgjw -> in_diffend=False mechs=[]
2026-09-28T03:11:04Z 16/672 qagvzhtvhwi -> in_diffend=False mechs=[]
2026-09-28T03:11:11Z 17/672 qagwgygtafv -> in_diffend=False mechs=[]
2026-09-28T03:11:16Z 18/672 qagwhdzmmuz -> in_diffend=False mechs=[]
2026-09-28T03:11:22Z 19/672 qagwpyrinwn -> in_diffend=False mechs=[]
2026-09-28T03:11:27Z 20/672 qagzskimfsb -> in_diffend=False mechs=[]
2026-09-28T03:11:32Z 21/672 retryqq10 -> in_diffend=False mechs=[]
2026-09-28T03:11:38Z 22/672 retryqq11 -> in_diffend=False mechs=[]
2026-09-28T03:11:46Z 23/672 retryqq13 -> in_diffend=False mechs=[]
2026-09-28T03:11:50Z 24/672 retryqq15 -> in_diffend=False mechs=[]
2026-09-28T03:11:55Z 25/672 retryqq3 -> in_diffend=False mechs=[]
2026-09-28T03:11:59Z 26/672 retryqq4 -> in_diffend=False mechs=[]
2026-09-28T03:12:04Z 27/672 retryqq6 -> in_diffend=False mechs=[]
2026-09-28T03:12:10Z 28/672 retryqq7 -> in_diffend=False mechs=[]
2026-09-28T03:12:14Z 29/672 retryqq8 -> in_diffend=False mechs=[]
2026-09-28T03:12:26Z 30/672 rjan1 -> in_diffend=True mechs=['go-import:vcs=hg', 'jina-laundered']
2026-09-28T03:12:45Z 31/672 rjan2 -> in_diffend=True mechs=['go-import:vcs=hg', 'jina-laundered']
2026-09-28T03:12:57Z 32/672 rjan3 -> in_diffend=True mechs=['go-import:vcs=hg', 'jina-laundered']
2026-09-28T03:13:09Z 33/672 rjan5 -> in_diffend=True mechs=['go-import:vcs=hg', 'jina-laundered']
2026-09-28T03:13:14Z 34/672 rootfetch002 -> in_diffend=False mechs=[]
2026-09-28T03:13:19Z 35/672 rootxproxyhg -> in_diffend=False mechs=[]
2026-09-28T03:13:24Z 36/672 rootxproxytest -> in_diffend=False mechs=[]
2026-09-28T03:13:31Z 37/672 rxlambjan -> in_diffend=False mechs=[]
2026-09-28T03:13:39Z 38/672 rxlambmeet -> in_diffend=False mechs=[]
2026-09-28T03:13:46Z 39/672 rxljq -> in_diffend=False mechs=[]
2026-09-28T03:13:52Z 40/672 rxlws -> in_diffend=False mechs=[]
2026-09-28T03:13:57Z 41/672 rxsjq -> in_diffend=False mechs=[]
2026-09-28T03:14:02Z 42/672 rxsouthjan -> in_diffend=False mechs=[]
2026-09-28T03:14:07Z 43/672 rxsouthmeet -> in_diffend=False mechs=[]
2026-09-28T03:14:15Z 44/672 rxsws -> in_diffend=False mechs=[]
2026-09-28T03:14:20Z 45/672 rxwandjan -> in_diffend=False mechs=[]
2026-09-28T03:14:25Z 46/672 rxwandmeet -> in_diffend=False mechs=[]
2026-09-28T03:14:30Z 47/672 rxwjq -> in_diffend=False mechs=[]
2026-09-28T03:14:35Z 48/672 rxwsemi -> in_diffend=False mechs=[]
2026-09-28T03:14:42Z 49/672 rxwws -> in_diffend=False mechs=[]
2026-09-28T03:14:52Z 50/672 sa35a63c8a -> in_diffend=True mechs=['go-import:vcs=unknown']
2026-09-28T03:15:01Z 51/672 sa62b50d0b -> in_diffend=True mechs=['go-import:vcs=unknown']
2026-09-28T03:15:10Z 52/672 saeb369b8c -> in_diffend=True mechs=['go-import:vcs=unknown']
2026-09-28T03:15:19Z 53/672 saee8cba76 -> in_diffend=True mechs=['go-import:vcs=unknown']
2026-09-28T03:15:29Z 54/672 saf368b4bc -> in_diffend=True mechs=['go-import:vcs=unknown']
2026-09-28T03:15:33Z 55/672 sarif -> in_diffend=False mechs=[]
2026-09-28T03:15:43Z 56/672 sb391423d1 -> in_diffend=True mechs=['go-import:vcs=unknown']
2026-09-28T03:15:53Z 57/672 sb70efdeba -> in_diffend=True mechs=['go-import:vcs=unknown']
2026-09-28T03:16:04Z 58/672 sba517fb66 -> in_diffend=True mechs=['go-import:vcs=unknown']
2026-09-28T03:16:13Z 59/672 sbc55dd196 -> in_diffend=True mechs=['go-import:vcs=unknown']
2026-09-28T03:16:25Z 60/672 sf126006 -> in_diffend=True mechs=['go-import:vcs=unknown']
2026-09-28T03:16:34Z 61/672 sf3481c8 -> in_diffend=True mechs=['go-import:vcs=unknown']
2026-09-28T03:16:43Z 62/672 sf727fc0 -> in_diffend=True mechs=['go-import:vcs=unknown']
2026-09-28T03:16:54Z 63/672 sfc0e8fa -> in_diffend=True mechs=['go-import:vcs=unknown']
2026-09-28T03:17:03Z 64/672 sgfcchuzox -> in_diffend=True mechs=['go-import:vcs=unknown', 'empty-summary']
2026-09-28T03:17:13Z 65/672 sggcezgmtn -> in_diffend=True mechs=['go-import:vcs=unknown', 'empty-summary']
2026-09-28T03:17:25Z 66/672 sggenmlieh -> in_diffend=True mechs=['go-import:vcs=unknown', 'empty-summary']
2026-09-28T03:17:36Z 67/672 sghizaeigy -> in_diffend=True mechs=['go-import:vcs=unknown', 'empty-summary']
2026-09-28T03:17:46Z 68/672 sghrlhoxql -> in_diffend=True mechs=['go-import:vcs=unknown', 'empty-summary']
2026-09-28T03:17:50Z 69/672 sgicgptpuh -> in_diffend=False mechs=[]
2026-09-28T03:17:59Z 70/672 sgjcvwjwwo -> in_diffend=True mechs=['go-import:vcs=unknown', 'empty-summary']
2026-09-28T03:18:10Z 71/672 sgkbxnctcg -> in_diffend=True mechs=['go-import:vcs=unknown', 'empty-summary']
2026-09-28T03:18:16Z 72/672 sgmexribvq -> in_diffend=False mechs=[]
2026-09-28T03:18:26Z 73/672 sgqokjrgqt -> in_diffend=True mechs=['go-import:vcs=unknown', 'empty-summary']
2026-09-28T03:18:37Z 74/672 sgrcdgzate -> in_diffend=True mechs=['go-import:vcs=unknown', 'empty-summary']
2026-09-28T03:18:46Z 75/672 sguxfwfnet -> in_diffend=True mechs=['go-import:vcs=unknown', 'empty-summary']
2026-09-28T03:18:59Z 76/672 sgvgyorjgr -> in_diffend=True mechs=['go-import:vcs=unknown', 'empty-summary']
2026-09-28T03:19:09Z 77/672 sgvtbcatnr -> in_diffend=True mechs=['go-import:vcs=unknown', 'empty-summary']
2026-09-28T03:19:19Z 78/672 sgxqzbqqph -> in_diffend=True mechs=['go-import:vcs=unknown', 'empty-summary']
2026-09-28T03:19:28Z 79/672 sgyewbarsi -> in_diffend=True mechs=['go-import:vcs=unknown', 'empty-summary']
2026-09-28T03:19:33Z 80/672 shipstudyhelper1778418891 -> in_diffend=False mechs=[]
2026-09-28T03:19:44Z 81/672 sl-yh-out-abcxyz1 -> in_diffend=True mechs=[]
2026-09-28T03:19:55Z 82/672 slg99185 -> in_diffend=True mechs=['go-import:vcs=unknown', 'empty-summary']
2026-09-28T03:20:07Z 83/672 slnaxpliqmsh -> in_diffend=True mechs=['go-import:vcs=unknown', 'empty-summary']
2026-09-28T03:20:16Z 84/672 slnbqgkcwnnk -> in_diffend=True mechs=['go-import:vcs=unknown', 'empty-summary']
2026-09-28T03:20:29Z 85/672 slnbqotqnenc -> in_diffend=True mechs=['go-import:vcs=unknown', 'empty-summary']
2026-09-28T03:20:40Z 86/672 slnbrbtiqwcw -> in_diffend=True mechs=['go-import:vcs=unknown', 'empty-summary']
2026-09-28T03:20:52Z 87/672 slnbszoimdgd -> in_diffend=True mechs=['go-import:vcs=unknown', 'empty-summary']
2026-09-28T03:21:02Z 88/672 slnbxdtreqqe -> in_diffend=True mechs=['go-import:vcs=unknown', 'empty-summary']
2026-09-28T03:21:15Z 89/672 slnbxwiltsbk -> in_diffend=True mechs=['go-import:vcs=unknown', 'empty-summary']
2026-09-28T03:21:26Z 90/672 slncabcxyz -> in_diffend=True mechs=['go-import:vcs=unknown', 'empty-summary']
2026-09-28T03:21:38Z 91/672 slncbiuaqy -> in_diffend=True mechs=['go-import:vcs=unknown', 'empty-summary']
2026-09-28T03:22:06Z 92/672 slnccbvjvj -> in_diffend=True mechs=['go-import:vcs=unknown', 'empty-summary']
2026-09-28T03:23:03Z 93/672 slnccduioc -> in_diffend=True mechs=['go-import:vcs=unknown', 'empty-summary']
2026-09-28T03:23:36Z 94/672 slncdmcgtq -> in_diffend=True mechs=['go-import:vcs=unknown', 'empty-summary']
2026-09-28T03:24:16Z 95/672 slncgutkyz -> in_diffend=True mechs=['go-import:vcs=unknown', 'empty-summary']
2026-09-28T03:24:54Z 96/672 slnciguegg -> in_diffend=True mechs=['go-import:vcs=unknown', 'empty-summary']
2026-09-28T03:25:37Z 97/672 slncmuayli -> in_diffend=True mechs=['go-import:vcs=unknown', 'empty-summary']
2026-09-28T03:26:22Z 98/672 slnctoiblt -> in_diffend=True mechs=['go-import:vcs=unknown', 'empty-summary']
2026-09-28T03:26:52Z 99/672 slnczcvlmn -> in_diffend=True mechs=['go-import:vcs=unknown', 'empty-summary']
2026-09-28T03:27:31Z 100/672 slndeohlhb -> in_diffend=True mechs=['go-import:vcs=unknown', 'empty-summary']
2026-09-28T03:28:04Z 101/672 slndtskerm -> in_diffend=True mechs=['go-import:vcs=unknown', 'empty-summary']
2026-09-28T03:28:41Z 102/672 slnfabcxyz -> in_diffend=True mechs=['go-import:vcs=unknown', 'empty-summary']
2026-09-28T03:29:15Z 103/672 slnfive8140 -> in_diffend=True mechs=['go-import:vcs=unknown', 'jina-laundered', 'empty-summary']
2026-09-28T03:29:46Z 104/672 slnfive8150 -> in_diffend=True mechs=['go-import:vcs=unknown', 'jina-laundered', 'empty-summary']
2026-09-28T03:30:23Z 105/672 slnfive8155 -> in_diffend=True mechs=['go-import:vcs=unknown', 'jina-laundered', 'empty-summary']
2026-09-28T03:30:39Z 106/672 slnhackmine177 -> in_diffend=False mechs=[]
2026-09-28T03:31:08Z 107/672 slnmid11000 -> in_diffend=True mechs=['go-import:vcs=unknown', 'jina-laundered', 'empty-summary']
2026-09-28T03:31:35Z 108/672 slnmid6000 -> in_diffend=True mechs=['go-import:vcs=unknown', 'jina-laundered', 'empty-summary']
2026-09-28T03:31:57Z 109/672 slnmid6500 -> in_diffend=True mechs=['go-import:vcs=unknown', 'jina-laundered', 'empty-summary']
2026-09-28T03:32:21Z 110/672 slnmid7000 -> in_diffend=True mechs=['go-import:vcs=unknown', 'jina-laundered', 'empty-summary']
2026-09-28T03:32:43Z 111/672 slnmid8500 -> in_diffend=True mechs=['go-import:vcs=unknown', 'jina-laundered', 'empty-summary']
2026-09-28T03:33:05Z 112/672 slnmodtestabc -> in_diffend=True mechs=['go-import:vcs=unknown']
2026-09-28T03:33:31Z 113/672 slnproxy478404 -> in_diffend=True mechs=['empty-summary']
2026-09-28T03:33:57Z 114/672 slnsq02 -> in_diffend=True mechs=['go-import:vcs=unknown', 'jina-laundered', 'empty-summary']
2026-09-28T03:34:20Z 115/672 slnsq04 -> in_diffend=True mechs=['go-import:vcs=unknown', 'jina-laundered', 'empty-summary']
2026-09-28T03:34:43Z 116/672 slnsq08 -> in_diffend=True mechs=['go-import:vcs=unknown', 'jina-laundered', 'empty-summary']
2026-09-28T03:35:14Z 117/672 slnsq09 -> in_diffend=True mechs=['go-import:vcs=unknown', 'jina-laundered', 'empty-summary']
2026-09-28T03:35:46Z 118/672 slnsq10 -> in_diffend=True mechs=['go-import:vcs=unknown', 'jina-laundered', 'empty-summary']
2026-09-28T03:36:09Z 119/672 slnsq12 -> in_diffend=True mechs=['go-import:vcs=unknown', 'jina-laundered', 'empty-summary']
2026-09-28T03:36:33Z 120/672 slnssearch00 -> in_diffend=True mechs=['go-import:vcs=unknown', 'jina-laundered', 'empty-summary']
2026-09-28T03:36:56Z 121/672 slnssearch04 -> in_diffend=True mechs=['go-import:vcs=unknown', 'jina-laundered', 'empty-summary']
2026-09-28T03:37:17Z 122/672 slnstep8200 -> in_diffend=True mechs=['go-import:vcs=unknown', 'jina-laundered', 'empty-summary']
2026-09-28T03:37:41Z 123/672 slnstep8250 -> in_diffend=True mechs=['go-import:vcs=unknown', 'jina-laundered', 'empty-summary']
2026-09-28T03:38:06Z 124/672 slnstep8275 -> in_diffend=True mechs=['go-import:vcs=unknown', 'jina-laundered', 'empty-summary']
2026-09-28T03:38:32Z 125/672 slnstep8350 -> in_diffend=True mechs=['go-import:vcs=unknown', 'jina-laundered', 'empty-summary']
2026-09-28T03:38:53Z 126/672 slnstep8425 -> in_diffend=True mechs=['go-import:vcs=unknown', 'jina-laundered', 'empty-summary']
2026-09-28T03:39:10Z 127/672 slnstep8500 -> in_diffend=True mechs=['go-import:vcs=unknown', 'jina-laundered', 'empty-summary']
2026-09-28T03:39:32Z 128/672 slnwandsmodabc -> in_diffend=True mechs=['go-import:vcs=unknown']
2026-09-28T03:40:01Z 129/672 slproxy1778551587 -> in_diffend=True mechs=['empty-summary']
2026-09-28T03:40:19Z 130/672 slq28641 -> in_diffend=True mechs=['go-import:vcs=unknown', 'empty-summary']
2026-09-28T03:40:32Z 131/672 slq34178 -> in_diffend=True mechs=['go-import:vcs=unknown', 'empty-summary']
2026-09-28T03:40:46Z 132/672 slq39369 -> in_diffend=True mechs=['go-import:vcs=unknown', 'empty-summary']
2026-09-28T03:41:00Z 133/672 slresultxyz -> in_diffend=True mechs=[]
2026-09-28T03:41:12Z 134/672 slt33264 -> in_diffend=True mechs=['go-import:vcs=unknown', 'empty-summary']
2026-09-28T03:41:24Z 135/672 slt44107 -> in_diffend=True mechs=['go-import:vcs=unknown', 'empty-summary']
2026-09-28T03:41:40Z 136/672 sltestproxyabc -> in_diffend=True mechs=['go-import:vcs=unknown', 'empty-summary']
2026-09-28T03:41:50Z 137/672 slvan667 -> in_diffend=True mechs=['go-import:vcs=unknown', 'empty-summary']
2026-09-28T03:42:02Z 138/672 slvan668 -> in_diffend=True mechs=['go-import:vcs=unknown', 'empty-summary']
2026-09-28T03:42:16Z 139/672 slvan669 -> in_diffend=True mechs=['go-import:vcs=unknown', 'empty-summary']
2026-09-28T03:42:27Z 140/672 slwgit2027 -> in_diffend=True mechs=['go-import:vcs=unknown', 'empty-summary']
2026-09-28T03:42:33Z 141/672 slx55008 -> in_diffend=False mechs=[]
2026-09-28T03:42:38Z 142/672 sm8200qkel -> in_diffend=False mechs=[]
2026-09-28T03:42:45Z 143/672 sm8205canb -> in_diffend=False mechs=[]
2026-09-28T03:42:52Z 144/672 sm8210ubba -> in_diffend=False mechs=[]
2026-09-28T03:43:01Z 145/672 sm8215yqaa -> in_diffend=False mechs=[]
2026-09-28T03:43:09Z 146/672 sm8220jarc -> in_diffend=False mechs=[]
2026-09-28T03:43:14Z 147/672 sm8225hxzu -> in_diffend=False mechs=[]
2026-09-28T03:43:21Z 148/672 sm8230mamd -> in_diffend=False mechs=[]
2026-09-28T03:43:29Z 149/672 sm8235yapr -> in_diffend=False mechs=[]
2026-09-28T03:43:34Z 150/672 sm8240rjol -> in_diffend=False mechs=[]
2026-09-28T03:43:40Z 151/672 sm8245fgma -> in_diffend=False mechs=[]
2026-09-28T03:43:45Z 152/672 sm8250qrdg -> in_diffend=False mechs=[]
2026-09-28T03:43:51Z 153/672 sm8255oilg -> in_diffend=False mechs=[]
2026-09-28T03:43:57Z 154/672 sm8260dulk -> in_diffend=False mechs=[]
2026-09-28T03:44:04Z 155/672 sm8265jdjf -> in_diffend=False mechs=[]
2026-09-28T03:44:10Z 156/672 sm8270sqhi -> in_diffend=False mechs=[]
2026-09-28T03:44:15Z 157/672 sm8275loeo -> in_diffend=False mechs=[]
2026-09-28T03:44:21Z 158/672 sm8280qgal -> in_diffend=False mechs=[]
2026-09-28T03:44:28Z 159/672 sm8285iqre -> in_diffend=False mechs=[]
2026-09-28T03:44:34Z 160/672 sm8290nhgm -> in_diffend=False mechs=[]
2026-09-28T03:44:39Z 161/672 sm8295yubf -> in_diffend=False mechs=[]
2026-09-28T03:44:44Z 162/672 southregtestabc -> in_diffend=False mechs=[]
2026-09-28T03:44:49Z 163/672 swa8178foss -> in_diffend=False mechs=[]
2026-09-28T03:44:54Z 164/672 swa8249foss -> in_diffend=False mechs=[]
2026-09-28T03:44:59Z 165/672 swa8320foss -> in_diffend=False mechs=[]
2026-09-28T03:45:04Z 166/672 swa8402foss -> in_diffend=False mechs=[]
2026-09-28T03:45:11Z 167/672 swa8403foss -> in_diffend=False mechs=[]
2026-09-28T03:45:17Z 168/672 swa8405foss -> in_diffend=False mechs=[]
2026-09-28T03:45:26Z 169/672 swaa01 -> in_diffend=True mechs=['go-import:vcs=unknown', 'jina-laundered', 'empty-summary']
2026-09-28T03:45:31Z 170/672 swaim5a -> in_diffend=False mechs=[]
2026-09-28T03:45:37Z 171/672 swaim6a -> in_diffend=False mechs=[]
2026-09-28T03:45:42Z 172/672 swbusdoca -> in_diffend=False mechs=[]
2026-09-28T03:45:51Z 173/672 swc421 -> in_diffend=True mechs=['go-import:vcs=unknown']
2026-09-28T03:46:02Z 174/672 swc424 -> in_diffend=True mechs=['go-import:vcs=unknown']
2026-09-28T03:46:09Z 175/672 swcalcala -> in_diffend=False mechs=[]
2026-09-28T03:46:16Z 176/672 swcalcalb -> in_diffend=False mechs=[]
2026-09-28T03:46:21Z 177/672 swcalcalc -> in_diffend=False mechs=[]
2026-09-28T03:46:27Z 178/672 swcalcald -> in_diffend=False mechs=[]
2026-09-28T03:46:32Z 179/672 swcalcalg -> in_diffend=False mechs=[]
2026-09-28T03:46:37Z 180/672 swcalcalh -> in_diffend=False mechs=[]
2026-09-28T03:46:42Z 181/672 swcalcelf -> in_diffend=False mechs=[]
2026-09-28T03:46:48Z 182/672 swcaltesta -> in_diffend=False mechs=[]
2026-09-28T03:46:56Z 183/672 swcossjabc -> in_diffend=True mechs=['go-import:vcs=unknown', 'jina-laundered']
2026-09-28T03:47:06Z 184/672 swd8405 -> in_diffend=True mechs=['go-import:vcs=unknown', 'jina-laundered', 'empty-summary']
2026-09-28T03:47:14Z 185/672 swd8405t -> in_diffend=True mechs=['go-import:vcs=unknown', 'jina-laundered', 'empty-summary']
2026-09-28T03:47:23Z 186/672 swgitssabc -> in_diffend=True mechs=['go-import:vcs=unknown']
2026-09-28T03:47:32Z 187/672 swi6133 -> in_diffend=True mechs=['go-import:vcs=unknown', 'jina-laundered', 'empty-summary']
2026-09-28T03:47:36Z 188/672 swlicap7a -> in_diffend=False mechs=[]
2026-09-28T03:47:41Z 189/672 swlicdoca -> in_diffend=False mechs=[]
2026-09-28T03:47:45Z 190/672 swlicrep6a -> in_diffend=False mechs=[]
2026-09-28T03:47:51Z 191/672 swlicrep7a -> in_diffend=False mechs=[]
2026-09-28T03:47:56Z 192/672 swlicrep8a -> in_diffend=False mechs=[]
2026-09-28T03:48:01Z 193/672 swlicsuba -> in_diffend=False mechs=[]
2026-09-28T03:48:11Z 194/672 swm8405 -> in_diffend=True mechs=['go-import:vcs=unknown', 'jina-laundered', 'empty-summary']
2026-09-28T03:48:19Z 195/672 swmeet02 -> in_diffend=True mechs=['go-import:vcs=unknown', 'jina-laundered', 'empty-summary']
2026-09-28T03:48:28Z 196/672 swmodsjabc -> in_diffend=True mechs=['go-import:vcs=unknown', 'jina-laundered']
2026-09-28T03:48:37Z 197/672 swmtry -> in_diffend=True mechs=['go-import:vcs=unknown', 'jina-laundered', 'empty-summary']
2026-09-28T03:48:41Z 198/672 swpdf130955fos -> in_diffend=False mechs=[]
2026-09-28T03:48:46Z 199/672 swpdf130962fos -> in_diffend=False mechs=[]
2026-09-28T03:48:51Z 200/672 swpdf130981fos -> in_diffend=False mechs=[]
2026-09-28T03:48:56Z 201/672 swpdf130985fos -> in_diffend=False mechs=[]
2026-09-28T03:49:01Z 202/672 swpdf130988fos -> in_diffend=False mechs=[]
2026-09-28T03:49:06Z 203/672 swpdf130990fos -> in_diffend=False mechs=[]
2026-09-28T03:49:11Z 204/672 swpdf1311181 -> in_diffend=False mechs=[]
2026-09-28T03:49:16Z 205/672 swpdf1311191 -> in_diffend=False mechs=[]
2026-09-28T03:49:20Z 206/672 swpdf131119fos -> in_diffend=False mechs=[]
2026-09-28T03:49:25Z 207/672 swsubrep5a -> in_diffend=False mechs=[]
2026-09-28T03:49:30Z 208/672 swsubrep6a -> in_diffend=False mechs=[]
2026-09-28T03:49:35Z 209/672 swsubrep7a -> in_diffend=False mechs=[]
2026-09-28T03:49:45Z 210/672 sygit1778552745 -> in_diffend=True mechs=['go-import:vcs=unknown', 'jina-laundered']
2026-09-28T03:49:53Z 211/672 uxbcrwands1 -> in_diffend=True mechs=['go-import:vcs=unknown', 'jina-laundered', 'empty-summary']
2026-09-28T03:50:02Z 212/672 uxbcrwands2 -> in_diffend=True mechs=['go-import:vcs=unknown', 'jina-laundered', 'empty-summary']
2026-09-28T03:50:11Z 213/672 uxbcrwands3 -> in_diffend=True mechs=['go-import:vcs=unknown', 'jina-laundered', 'empty-summary']
2026-09-28T03:50:19Z 214/672 uxds124870 -> in_diffend=True mechs=['go-import:vcs=unknown', 'jina-laundered', 'empty-summary']
2026-09-28T03:50:29Z 215/672 uxds124871 -> in_diffend=True mechs=['go-import:vcs=unknown', 'jina-laundered', 'empty-summary']
2026-09-28T03:50:37Z 216/672 uxds124873 -> in_diffend=True mechs=['go-import:vcs=unknown', 'jina-laundered', 'empty-summary']
2026-09-28T03:50:47Z 217/672 uxds124875 -> in_diffend=True mechs=['go-import:vcs=unknown', 'jina-laundered', 'empty-summary']
2026-09-28T03:50:55Z 218/672 uxds124876 -> in_diffend=True mechs=['go-import:vcs=unknown', 'jina-laundered', 'empty-summary']
2026-09-28T03:51:04Z 219/672 uxds124877 -> in_diffend=True mechs=['go-import:vcs=unknown', 'jina-laundered', 'empty-summary']
2026-09-28T03:51:12Z 220/672 uxds124879 -> in_diffend=True mechs=['go-import:vcs=unknown', 'jina-laundered', 'empty-summary']
