2026-09-28T04:52:20Z retry pass: 672 failures total, 535 done, 137 todo
2026-09-28T04:52:25Z 1/137 zrgvhc1af -> in_diffend=False mechs=[]
2026-09-28T04:52:30Z 2/137 zrgvhe14c -> in_diffend=False mechs=[]
2026-09-28T04:52:35Z 3/137 zrgview2 -> in_diffend=False mechs=[]
2026-09-28T04:52:40Z 4/137 zrgvp1 -> in_diffend=False mechs=[]
2026-09-28T04:52:45Z 5/137 zrgvp10 -> in_diffend=False mechs=[]
2026-09-28T04:52:50Z 6/137 zrgvp100 -> in_diffend=False mechs=[]
2026-09-28T04:52:54Z 7/137 zrgvp2 -> in_diffend=False mechs=[]
2026-09-28T04:53:01Z 8/137 zrgvp20 -> in_diffend=False mechs=[]
2026-09-28T04:53:05Z 9/137 zrgvp3 -> in_diffend=False mechs=[]
2026-09-28T04:53:10Z 10/137 zrgvp5 -> in_diffend=False mechs=[]
2026-09-28T04:53:15Z 11/137 zrgvp50 -> in_diffend=False mechs=[]
2026-09-28T04:53:19Z 12/137 zrgvq116b -> in_diffend=False mechs=[]
2026-09-28T04:53:25Z 13/137 zrgvq2c0d -> in_diffend=False mechs=[]
2026-09-28T04:53:30Z 14/137 zrgvq3b2f -> in_diffend=False mechs=[]
2026-09-28T04:53:35Z 15/137 zrgvq4156 -> in_diffend=False mechs=[]
2026-09-28T04:53:40Z 16/137 zrgvq511b -> in_diffend=False mechs=[]
2026-09-28T04:53:44Z 17/137 zrgvq60cf -> in_diffend=False mechs=[]
2026-09-28T04:53:49Z 18/137 zrgvq6608 -> in_diffend=False mechs=[]
2026-09-28T04:53:54Z 19/137 zrgvqaf6f -> in_diffend=False mechs=[]
2026-09-28T04:53:58Z 20/137 zrgvqf269 -> in_diffend=False mechs=[]
2026-09-28T04:54:03Z 21/137 zrgvraw -> in_diffend=False mechs=[]
2026-09-28T04:54:07Z 22/137 zrgvrawbz -> in_diffend=False mechs=[]
2026-09-28T04:54:12Z 23/137 zrgvrawg -> in_diffend=False mechs=[]
2026-09-28T04:54:17Z 24/137 zrgvsearch15a9 -> in_diffend=False mechs=[]
2026-09-28T04:54:22Z 25/137 zrgvsearch2de1 -> in_diffend=False mechs=[]
2026-09-28T04:54:26Z 26/137 zrgvsearch36dd -> in_diffend=False mechs=[]
2026-09-28T04:54:31Z 27/137 zrgvsearch65d4 -> in_diffend=False mechs=[]
2026-09-28T04:54:35Z 28/137 zrgvsearch94e8 -> in_diffend=False mechs=[]
2026-09-28T04:54:41Z 29/137 zrgvsearchf619 -> in_diffend=False mechs=[]
2026-09-28T04:54:46Z 30/137 zrgvsearchf663 -> in_diffend=False mechs=[]
2026-09-28T04:54:50Z 31/137 zrhgcapa -> in_diffend=False mechs=[]
2026-09-28T04:54:55Z 32/137 zrhgrange -> in_diffend=False mechs=[]
2026-09-28T04:55:01Z 33/137 zrrssearch -> in_diffend=False mechs=[]
2026-09-28T04:55:07Z 34/137 zrzggsearch -> in_diffend=False mechs=[]
2026-09-28T04:55:12Z 35/137 zrzjj2 -> in_diffend=False mechs=[]
2026-09-28T04:55:17Z 36/137 zrzjj3 -> in_diffend=False mechs=[]
2026-09-28T04:55:22Z 37/137 zrzjj4 -> in_diffend=False mechs=[]
2026-09-28T04:55:27Z 38/137 zrzjtf016e -> in_diffend=False mechs=[]
2026-09-28T04:55:32Z 39/137 zrzjtf69db -> in_diffend=False mechs=[]
2026-09-28T04:55:37Z 40/137 zrzjtfe243 -> in_diffend=False mechs=[]
2026-09-28T04:55:42Z 41/137 zrzjtff2e9 -> in_diffend=False mechs=[]
2026-09-28T04:55:47Z 42/137 zrzoffice10 -> in_diffend=False mechs=[]
2026-09-28T04:55:51Z 43/137 zrzoffice100 -> in_diffend=False mechs=[]
2026-09-28T04:55:56Z 44/137 zrzoffice30 -> in_diffend=False mechs=[]
2026-09-28T04:56:00Z 45/137 zrzoffice50 -> in_diffend=False mechs=[]
2026-09-28T04:56:05Z 46/137 zrzoffice80 -> in_diffend=False mechs=[]
2026-09-28T04:56:10Z 47/137 zrzpdfjs -> in_diffend=False mechs=[]
2026-09-28T04:56:14Z 48/137 zrzst -> in_diffend=False mechs=[]
2026-09-28T04:56:19Z 49/137 zrztrans -> in_diffend=False mechs=[]
2026-09-28T04:56:25Z 50/137 zrzx2bfe6e -> in_diffend=False mechs=[]
2026-09-28T04:56:30Z 51/137 zrzx3dfd1d -> in_diffend=False mechs=[]
2026-09-28T04:56:35Z 52/137 zrzx3fa129 -> in_diffend=False mechs=[]
2026-09-28T04:56:40Z 53/137 zrzx407894 -> in_diffend=False mechs=[]
2026-09-28T04:56:44Z 54/137 zrzx549495 -> in_diffend=False mechs=[]
2026-09-28T04:56:50Z 55/137 zrzx5c3cc9 -> in_diffend=False mechs=[]
2026-09-28T04:56:54Z 56/137 zrzx8ee1e0 -> in_diffend=False mechs=[]
2026-09-28T04:56:59Z 57/137 zrzxbc10ab -> in_diffend=False mechs=[]
2026-09-28T04:57:04Z 58/137 zrzxe1f47c -> in_diffend=False mechs=[]
2026-09-28T04:57:09Z 59/137 zrzxe65778 -> in_diffend=False mechs=[]
2026-09-28T04:57:17Z 60/137 zsanchor1778553679 -> in_diffend=True mechs=['go-import:vcs=unknown', 'jina-laundered']
2026-09-28T04:57:26Z 61/137 zsbing1 -> in_diffend=True mechs=['go-import:vcs=unknown', 'jina-laundered', 'empty-summary']
2026-09-28T04:57:34Z 62/137 zsgsearch1 -> in_diffend=True mechs=['go-import:vcs=unknown', 'jina-laundered', 'empty-summary']
2026-09-28T04:57:42Z 63/137 zsoutcal1778552831 -> in_diffend=True mechs=['go-import:vcs=unknown', 'jina-laundered']
2026-09-28T04:57:51Z 64/137 zsvnjin2a18dd -> in_diffend=True mechs=['go-import:vcs=unknown', 'jina-laundered', 'empty-summary']
2026-09-28T04:58:00Z 65/137 zswactb11785 -> in_diffend=True mechs=['go-import:vcs=unknown', 'jina-laundered']
2026-09-28T04:58:08Z 66/137 zswcal2 -> in_diffend=True mechs=['go-import:vcs=unknown', 'jina-laundered']
2026-09-28T04:58:16Z 67/137 zswcal3 -> in_diffend=True mechs=['go-import:vcs=unknown', 'jina-laundered', 'empty-summary']
2026-09-28T04:58:25Z 68/137 zswcalgit1 -> in_diffend=True mechs=['go-import:vcs=unknown', 'jina-laundered', 'empty-summary']
2026-09-28T04:58:33Z 69/137 zsweblist25949 -> in_diffend=True mechs=['go-import:vcs=unknown', 'jina-laundered']
2026-09-28T04:58:42Z 70/137 zswmin111123 -> in_diffend=True mechs=['go-import:vcs=unknown', 'jina-laundered']
2026-09-28T04:58:50Z 71/137 zswsn1 -> in_diffend=True mechs=['go-import:vcs=unknown', 'jina-laundered', 'empty-summary']
2026-09-28T04:58:55Z 72/137 ztargetpdf1 -> in_diffend=False mechs=[]
2026-09-28T04:58:59Z 73/137 ztargetpdfb1 -> in_diffend=False mechs=[]
2026-09-28T04:59:04Z 74/137 ztargetpdfg1 -> in_diffend=False mechs=[]
2026-09-28T04:59:09Z 75/137 ztargetpdfs1 -> in_diffend=False mechs=[]
2026-09-28T04:59:13Z 76/137 ztrivial001 -> in_diffend=False mechs=[]
2026-09-28T04:59:22Z 77/137 zvgit7iym3nqhe5 -> in_diffend=True mechs=['go-import:vcs=unknown', 'jina-laundered', 'empty-summary']
2026-09-28T04:59:31Z 78/137 zvsvnxolbmd1sc9 -> in_diffend=True mechs=['go-import:vcs=unknown', 'jina-laundered', 'empty-summary']
2026-09-28T04:59:39Z 79/137 zw_dl_ics -> in_diffend=True mechs=['go-import:vcs=unknown', 'jina-laundered']
2026-09-28T04:59:48Z 80/137 zw_dl_ics2 -> in_diffend=True mechs=['go-import:vcs=unknown', 'jina-laundered']
2026-09-28T04:59:56Z 81/137 zw_downloadops -> in_diffend=True mechs=['go-import:vcs=unknown', 'jina-laundered']
2026-09-28T05:00:05Z 82/137 zw_nobdr_events -> in_diffend=True mechs=['go-import:vcs=unknown', 'jina-laundered']
2026-09-28T05:00:14Z 83/137 zw_nobdr_week -> in_diffend=True mechs=['go-import:vcs=unknown', 'jina-laundered']
2026-09-28T05:00:22Z 84/137 zwag26 -> in_diffend=True mechs=['go-import:vcs=unknown', 'jina-laundered', 'empty-summary']
2026-09-28T05:00:31Z 85/137 zwagback -> in_diffend=True mechs=['go-import:vcs=unknown', 'jina-laundered', 'empty-summary']
2026-09-28T05:00:35Z 86/137 zwagback2 -> in_diffend=False mechs=[]
2026-09-28T05:00:39Z 87/137 zwagfrag -> in_diffend=False mechs=[]
2026-09-28T05:00:47Z 88/137 zwagweek -> in_diffend=True mechs=['go-import:vcs=unknown', 'jina-laundered', 'empty-summary']
2026-09-28T05:00:56Z 89/137 zwan_cal_https -> in_diffend=True mechs=['go-import:vcs=unknown', 'jina-laundered']
2026-09-28T05:01:04Z 90/137 zwan_cal_jan1 -> in_diffend=True mechs=['go-import:vcs=unknown', 'jina-laundered']
2026-09-28T05:01:13Z 91/137 zwcalx1 -> in_diffend=True mechs=['go-import:vcs=unknown', 'jina-laundered']
2026-09-28T05:01:21Z 92/137 zwcalx10 -> in_diffend=True mechs=['go-import:vcs=unknown', 'jina-laundered']
2026-09-28T05:01:29Z 93/137 zwcalx11 -> in_diffend=True mechs=['go-import:vcs=unknown', 'jina-laundered']
2026-09-28T05:01:38Z 94/137 zwcalx2 -> in_diffend=True mechs=['go-import:vcs=unknown', 'jina-laundered']
2026-09-28T05:01:47Z 95/137 zwcalx3 -> in_diffend=True mechs=['go-import:vcs=unknown', 'jina-laundered']
2026-09-28T05:01:55Z 96/137 zwcalx4 -> in_diffend=True mechs=['go-import:vcs=unknown', 'jina-laundered']
2026-09-28T05:02:04Z 97/137 zwcalx6 -> in_diffend=True mechs=['go-import:vcs=unknown', 'jina-laundered']
2026-09-28T05:02:12Z 98/137 zwcalx8 -> in_diffend=True mechs=['go-import:vcs=unknown', 'jina-laundered']
2026-09-28T05:02:21Z 99/137 zwcalx9 -> in_diffend=True mechs=['go-import:vcs=unknown', 'jina-laundered']
2026-09-28T05:02:29Z 100/137 zwday2711778553470 -> in_diffend=True mechs=['go-import:vcs=unknown', 'jina-laundered']
2026-09-28T05:02:37Z 101/137 zwkact1 -> in_diffend=True mechs=['go-import:vcs=unknown', 'jina-laundered']
2026-09-28T05:02:46Z 102/137 zwkact2 -> in_diffend=True mechs=['go-import:vcs=unknown', 'jina-laundered']
2026-09-28T05:02:54Z 103/137 zwkact4 -> in_diffend=True mechs=['go-import:vcs=unknown', 'jina-laundered']
2026-09-28T05:03:02Z 104/137 zwkact5 -> in_diffend=True mechs=['go-import:vcs=unknown', 'jina-laundered']
2026-09-28T05:03:10Z 105/137 zwkact6 -> in_diffend=True mechs=['go-import:vcs=unknown', 'jina-laundered']
2026-09-28T05:03:19Z 106/137 zwkact7 -> in_diffend=True mechs=['go-import:vcs=unknown', 'jina-laundered']
2026-09-28T05:03:27Z 107/137 zwknum1 -> in_diffend=True mechs=['go-import:vcs=unknown', 'jina-laundered']
2026-09-28T05:03:36Z 108/137 zwknum3 -> in_diffend=True mechs=['go-import:vcs=unknown', 'jina-laundered']
2026-09-28T05:03:44Z 109/137 zwkopt0 -> in_diffend=True mechs=['go-import:vcs=unknown', 'jina-laundered']
2026-09-28T05:03:52Z 110/137 zwkopt12 -> in_diffend=True mechs=['go-import:vcs=unknown', 'jina-laundered']
2026-09-28T05:04:00Z 111/137 zwkopt13 -> in_diffend=True mechs=['go-import:vcs=unknown', 'jina-laundered']
2026-09-28T05:04:09Z 112/137 zwkopt16 -> in_diffend=True mechs=['go-import:vcs=unknown', 'jina-laundered']
2026-09-28T05:04:17Z 113/137 zwkopt19 -> in_diffend=True mechs=['go-import:vcs=unknown', 'jina-laundered']
2026-09-28T05:04:26Z 114/137 zwkopt3 -> in_diffend=True mechs=['go-import:vcs=unknown', 'jina-laundered']
2026-09-28T05:04:35Z 115/137 zwkopt5 -> in_diffend=True mechs=['go-import:vcs=unknown', 'jina-laundered']
2026-09-28T05:04:44Z 116/137 zwkopt8 -> in_diffend=True mechs=['go-import:vcs=unknown', 'jina-laundered']
2026-09-28T05:04:52Z 117/137 zwpdfg10266b -> in_diffend=True mechs=['go-import:vcs=unknown', 'jina-laundered']
2026-09-28T05:05:00Z 118/137 zwta6000 -> in_diffend=True mechs=['go-import:vcs=unknown', 'jina-laundered', 'empty-summary']
2026-09-28T05:05:08Z 119/137 zwtcheck3 -> in_diffend=True mechs=['go-import:vcs=unknown', 'jina-laundered', 'empty-summary']
2026-09-28T05:05:17Z 120/137 zwtcook2 -> in_diffend=True mechs=['go-import:vcs=unknown', 'jina-laundered', 'empty-summary']
2026-09-28T05:05:25Z 121/137 zwtcookie -> in_diffend=True mechs=['go-import:vcs=unknown', 'jina-laundered', 'empty-summary']
2026-09-28T05:05:34Z 122/137 zwtd101 -> in_diffend=True mechs=['go-import:vcs=unknown', 'jina-laundered', 'empty-summary']
2026-09-28T05:05:42Z 123/137 zwtd103 -> in_diffend=True mechs=['go-import:vcs=unknown', 'jina-laundered', 'empty-summary']
2026-09-28T05:05:50Z 124/137 zwtenc4 -> in_diffend=True mechs=['go-import:vcs=unknown', 'jina-laundered', 'empty-summary']
2026-09-28T05:05:58Z 125/137 zwtestabc1 -> in_diffend=True mechs=['go-import:vcs=unknown', 'jina-laundered', 'empty-summary']
2026-09-28T05:06:07Z 126/137 zwtestxabc -> in_diffend=True mechs=['go-import:vcs=unknown', 'jina-laundered', 'empty-summary']
2026-09-28T05:06:16Z 127/137 zwtgld -> in_diffend=True mechs=['go-import:vcs=unknown', 'jina-laundered', 'empty-summary']
2026-09-28T05:06:24Z 128/137 zwwmin115707 -> in_diffend=True mechs=['go-import:vcs=unknown', 'jina-laundered']
2026-09-28T05:06:32Z 129/137 zwwmin34639 -> in_diffend=True mechs=['go-import:vcs=unknown', 'jina-laundered']
2026-09-28T05:06:41Z 130/137 zwxbccaba -> in_diffend=True mechs=['go-import:vcs=hg', 'jina-laundered']
2026-09-28T05:06:49Z 131/137 zwxbccalag -> in_diffend=True mechs=['go-import:vcs=unknown', 'jina-laundered']
2026-09-28T05:06:57Z 132/137 zwxbccali -> in_diffend=True mechs=['go-import:vcs=hg', 'jina-laundered']
2026-09-28T05:07:05Z 133/137 zwxbcgrant -> in_diffend=True mechs=['go-import:vcs=unknown', 'jina-laundered']
2026-09-28T05:07:14Z 134/137 zwxbcstan -> in_diffend=True mechs=['go-import:vcs=hg', 'jina-laundered']
2026-09-28T05:07:18Z 135/137 zz_arcdata -> in_diffend=False mechs=[]
2026-09-28T05:07:22Z 136/137 zztest1778552006 -> in_diffend=False mechs=[]
2026-09-28T05:07:27Z 137/137 zzwandtemp1778552518 -> in_diffend=False mechs=[]
2026-09-28T05:07:27Z RETRY DONE: found=68 absent=69 unconfirmed=0
