Traceback (most recent call last):
  File "/usr/lib/python3.12/http/client.py", line 584, in _get_chunk_left
    chunk_left = self._read_next_chunk_size()
                 ^^^^^^^^^^^^^^^^^^^^^^^^^^^^
  File "/usr/lib/python3.12/http/client.py", line 551, in _read_next_chunk_size
    return int(line, 16)
           ^^^^^^^^^^^^^
ValueError: invalid literal for int() with base 16: b''

During handling of the above exception, another exception occurred:

Traceback (most recent call last):
  File "/usr/lib/python3.12/http/client.py", line 600, in _read_chunked
    while (chunk_left := self._get_chunk_left()) is not None:
                         ^^^^^^^^^^^^^^^^^^^^^^
  File "/usr/lib/python3.12/http/client.py", line 586, in _get_chunk_left
    raise IncompleteRead(b'')
http.client.IncompleteRead: IncompleteRead(0 bytes read)

The above exception was the direct cause of the following exception:

Traceback (most recent call last):
  File "/home/hatch/workspace/skills/urlquery/bin/uq_htmx.py", line 95, in <module>
    main()
  File "/home/hatch/workspace/skills/urlquery/bin/uq_htmx.py", line 90, in main
    print(json.dumps(search(a.query, a.limit, a.offset, a.delay)))
                     ^^^^^^^^^^^^^^^^^^^^^^^^^^^^^^^^^^^^^^^^^^^
  File "/home/hatch/workspace/skills/urlquery/bin/uq_htmx.py", line 68, in search
    page_html = fetch(f"/api/htmx/search/?{qs}", current)
                ^^^^^^^^^^^^^^^^^^^^^^^^^^^^^^^^^^^^^^^^^
  File "/home/hatch/workspace/skills/urlquery/bin/uq_htmx.py", line 35, in fetch
    return resp.read().decode("utf-8", "replace")
           ^^^^^^^^^^^
  File "/usr/lib/python3.12/http/client.py", line 478, in read
    return self._read_chunked(amt)
           ^^^^^^^^^^^^^^^^^^^^^^^
  File "/usr/lib/python3.12/http/client.py", line 612, in _read_chunked
    raise IncompleteRead(b''.join(value)) from exc
http.client.IncompleteRead: IncompleteRead(36542 bytes read)
