2026-09-28T03:24:48.445166+00:00 conn-fail https://my.diffend.io/gems/projecttools624286 attempt=0 err=Remote end closed connection without response
2026-09-28T03:25:23.964545+00:00 conn-fail https://my.diffend.io/gems/projecttools624286 attempt=0 err=Remote end closed connection without response
2026-09-28T03:25:36.850821+00:00 conn-fail https://my.diffend.io/gems/projecttools624286 attempt=1 err=Remote end closed connection without response
2026-09-28T03:26:16.093903+00:00 conn-fail https://my.diffend.io/gems/projecttools624286 attempt=2 err=Remote end closed connection without response
2026-09-28T03:26:56.040726+00:00 conn-fail https://my.diffend.io/gems/projecttools624286 attempt=3 err=Remote end closed connection without response
2026-09-28T03:27:45.039512+00:00 conn-fail https://my.diffend.io/gems/projecttools624286 attempt=4 err=Remote end closed connection without response
2026-09-28T03:31:06.573499+00:00 saved ./data/march7-rce-modality/raw/sampledocpayload624286.diffend.html 5674B sha256=37334373de8a0d2de405ff760a5f3a27ab21e734b58b15227635fc9f49af88aa
2026-09-28T03:31:19.119716+00:00 saved ./data/march7-rce-modality/raw/sampledocpayload624286.compact-index.txt 5B sha256=fb9f586eb6a7d7113a63492f0f563b1b46c410e47f561c4fd527ca2e35f232fe
2026-09-28T03:31:19.119835+00:00 sampledocpayload624286: compact-index 200 (5B)
2026-09-28T03:31:30.727119+00:00 saved ./data/march7-rce-modality/raw/harmlessdoctest624286.diffend.html 5667B sha256=1e073e0f2def599fc4a2dbcd6ff2069c98701954cfb4130451fdaec418a4acbf
2026-09-28T03:31:41.938753+00:00 saved ./data/march7-rce-modality/raw/harmlessdoctest624286.compact-index.txt 5B sha256=fb9f586eb6a7d7113a63492f0f563b1b46c410e47f561c4fd527ca2e35f232fe
2026-09-28T03:31:41.939629+00:00 harmlessdoctest624286: compact-index 200 (5B)
2026-09-28T03:31:53.579359+00:00 atlas-qa-snapshot-696b16c7: ABSENT from Diffend (302 -> /gems)
2026-09-28T03:32:08.394579+00:00 saved ./data/march7-rce-modality/raw/atlas-qa-snapshot-696b16c7.compact-index.txt 5B sha256=fb9f586eb6a7d7113a63492f0f563b1b46c410e47f561c4fd527ca2e35f232fe
2026-09-28T03:32:08.394694+00:00 atlas-qa-snapshot-696b16c7: compact-index 200 (5B)
2026-09-28T03:32:19.456552+00:00 tf_drift_handoff_bundle_20260307t015800z: ABSENT from Diffend (302 -> /gems)
2026-09-28T03:32:33.633336+00:00 saved ./data/march7-rce-modality/raw/tf_drift_handoff_bundle_20260307t015800z.compact-index.txt 5B sha256=fb9f586eb6a7d7113a63492f0f563b1b46c410e47f561c4fd527ca2e35f232fe
2026-09-28T03:32:33.633448+00:00 tf_drift_handoff_bundle_20260307t015800z: compact-index 200 (5B)
2026-09-28T03:32:36.634705+00:00 DONE results+manifest
2026-09-28T03:32:38.438233+00:00 sampledocpayload624286: JFrog versions=['0.0.1', '0.0.10', '0.0.11', '0.0.2', '0.0.3', '0.0.4', '0.0.5', '0.0.6', '0.0.7', '0.0.8', '0.0.9'] xray=XRAY-1077966
2026-09-28T03:32:38.438782+00:00 harmlessdoctest624286: JFrog versions=['0.0.1'] xray=XRAY-1079038
2026-09-28T03:32:42.732420+00:00 saved ./data/march7-rce-modality/raw/sampledocpayload624286.0.0.1.diff.html 39742B sha256=655f5683d955b5b436264767a2e1d0a431a56cbb5ac93f59dfbf74ab75055814
2026-09-28T03:32:54.297066+00:00 saved ./data/march7-rce-modality/raw/sampledocpayload624286.0.0.10.diff.html 62611B sha256=74d88e8434806fc654cb2e6a7ef17a62c0fc96bf8dcb26053c5115bbfa38eb61
2026-09-28T03:33:07.642597+00:00 saved ./data/march7-rce-modality/raw/sampledocpayload624286.0.0.11.diff.html 61103B sha256=edbddb68ed70afbddc88935065ffdee25fab9a2fdf3e7d6b78af5680bd8a5c47
2026-09-28T03:33:28.798671+00:00 saved ./data/march7-rce-modality/raw/sampledocpayload624286.0.0.2.diff.html 43167B sha256=14424fc0e7707db029809716a5d5036a021dc2cc5d8abcd3baca6f68c87e4b8f
2026-09-28T03:33:43.333178+00:00 saved ./data/march7-rce-modality/raw/sampledocpayload624286.0.0.3.diff.html 47693B sha256=fc3b81d032e59d8c1c6926b0845f71e23ffac97f5690d976677a585e7169c1c4
2026-09-28T03:33:55.232413+00:00 saved ./data/march7-rce-modality/raw/sampledocpayload624286.0.0.4.diff.html 46106B sha256=9b36f252ac6b182c3a62149989b49264b21350f3bbc027684bc3ef2e9f2c5978
2026-09-28T03:34:08.507884+00:00 saved ./data/march7-rce-modality/raw/sampledocpayload624286.0.0.5.diff.html 45719B sha256=def6f69999c21d22e408dd02ac0a314cbb1075398a3911d36aa1f61a4c5e2b01
2026-09-28T03:34:18.653515+00:00 saved ./data/march7-rce-modality/raw/sampledocpayload624286.0.0.6.diff.html 46442B sha256=281cd489d6de7463e64ce9961696072514990ff0b3e561ab34e7560acb113648
2026-09-28T03:34:32.384823+00:00 saved ./data/march7-rce-modality/raw/sampledocpayload624286.0.0.7.diff.html 46426B sha256=b6896be26023861342013c1037904f41edc59b8ecdafdc673287d07e924709b2
2026-09-28T03:34:41.241746+00:00 saved ./data/march7-rce-modality/raw/sampledocpayload624286.0.0.8.diff.html 49793B sha256=e99bd6d82b89564a1a222c27cfe738a25a632d703e68e320e160fd52d00cae17
2026-09-28T03:34:52.943705+00:00 saved ./data/march7-rce-modality/raw/sampledocpayload624286.0.0.9.diff.html 49793B sha256=2fd890d29fb6a1d89dca796a0a1ebf56bc62c2c990907a67e390523de67ab0b6
2026-09-28T03:35:11.016306+00:00 saved ./data/march7-rce-modality/raw/harmlessdoctest624286.0.0.1.diff.html 41737B sha256=e656c93a1ff5b116d1f024c6abab081e0e57c1a7f4b426fc0ffb313d16cbe7ae
2026-09-28T03:35:14.019133+00:00 version-diff fetch DONE
