# progress.log — LEAD 6 of 6: HF tampering check (metadata/history only)
All times UTC, 2026-09-28.

23:35:36  fetch  api/datasets/sunblaze-ucb/cybergym
           -> dataset-meta-20260928T233536Z.json (350KB, 7,538-file listing)
23:35:??  fetch  api/datasets/sunblaze-ucb/cybergym/commits/main?limit=100
           -> commits-main.json — 1 commit ("init", stneng, 2025-05-15)
23:36     fetch  api/datasets/sunblaze-ucb/cybergym/refs
           -> main only; plus refs/convert/parquet (bot ref)
23:36     fetch  commits/refs%2Fconvert%2Fparquet?limit=5
           -> commits-parquet.json — 1 bot commit ("Update parquet files", 2025-05-15)
23:37     search api/datasets?search=exploitgym / models / spaces
           -> 3 datasets (shirman x2, SpeckledCerberus), 0 models, 0 spaces
23:37-38  fetch  commits/main?limit=50 for each exploitgym dataset
           -> commits-shirman_exploitgym-results.json (4 commits, Aug+Sep 2026)
           -> commits-shirman_exploitgym-answers.json (4 commits, Aug+Sep 2026)
           -> commits-SpeckledCerberus_exploitgym-answers.json (5 commits, Aug 2026)
23:38     fetch  api/datasets?author=sunblaze-ucb&limit=50
           -> author-repos.json (8 datasets; no July-window lastModified)
23:38     fetch  discussions?p=0 ; discussions/1
           -> discussions-p0.json (1 discussion, benign); discussion-1.json
23:39     derive file-listing-summary.json from cached meta (1,368 arvo + 139 oss-fuzz)
23:40     write PROVENANCE.md, this log, analyst note
           manifests: SHA-256 computed post-hoc, see MANIFEST.sha256

Hard guards honored: no login/token, no corpus or shard downloads, no image pulls,
no file contents fetched (README/discussion text came via API JSON only).
