2026-09-29T00:28:32Z forensics fetch start: 18 gems
2026-09-29T00:28:34Z gempage apex-hijack-probe-a1 -> ok:200
2026-09-29T00:28:40Z diff apex-hijack-probe-a1 0.0.1 -> ok:200
2026-09-29T00:28:45Z diff apex-hijack-probe-a1 0.9.9 -> ok:200
2026-09-29T00:28:51Z gempage test-xss-name -> ok:200
2026-09-29T00:28:57Z diff test-xss-name 0.0.1 -> ok:200
2026-09-29T00:29:02Z gempage test-xss-xss-data -> ok:200
2026-09-29T00:29:10Z diff test-xss-xss-data 0.0.1 -> ok:200
2026-09-29T00:29:15Z gempage test-xss-xss-img -> ok:200
2026-09-29T00:29:21Z diff test-xss-xss-img 0.0.1 -> ok:200
2026-09-29T00:29:26Z gempage a--0zlink83721 -> ok:200
2026-09-29T00:29:32Z diff a--0zlink83721 0.0.1 -> ok:200
2026-09-29T00:29:37Z gempage apex-blk-test-final -> ok:200
2026-09-29T00:29:44Z diff apex-blk-test-final 0.0.1 -> ok:200
2026-09-29T00:29:49Z gempage apex-oidc-probe -> ok:200
2026-09-29T00:29:55Z diff apex-oidc-probe 0.1.1 -> ok:200
2026-09-29T00:30:00Z gempage attacker-homepage-xss -> ok:200
2026-09-29T00:30:06Z diff attacker-homepage-xss 0.0.1 -> ok:200
2026-09-29T00:30:11Z gempage test-metadata-xss-1 -> ok:200
2026-09-29T00:30:17Z diff test-metadata-xss-1 0.0.1 -> ok:200
2026-09-29T00:30:22Z gempage test-metadata-xss-3 -> ok:200
2026-09-29T00:30:27Z diff test-metadata-xss-3 0.0.1 -> ok:200
2026-09-29T00:30:32Z gempage test-xss-rhino -> ok:200
2026-09-29T00:30:38Z diff test-xss-rhino 0.0.1 -> ok:200
2026-09-29T00:30:43Z diff test-xss-rhino 0.0.2 -> ok:200
2026-09-29T00:30:48Z diff test-xss-rhino 0.0.3 -> ok:200
2026-09-29T00:30:54Z gempage test-xss-xss-html -> ok:200
2026-09-29T00:30:59Z diff test-xss-xss-html 0.0.1 -> ok:200
2026-09-29T00:31:04Z gempage test-xss-xss-link -> ok:200
2026-09-29T00:31:10Z diff test-xss-xss-link 0.0.1 -> ok:200
2026-09-29T00:31:15Z gempage test-yaml-rce -> ok:200
2026-09-29T00:31:20Z diff test-yaml-rce 0.0.1 -> ok:200
2026-09-29T00:31:25Z gempage test_gem_kangaroo -> ok:200
2026-09-29T00:31:31Z diff test_gem_kangaroo 0.0.4 -> ok:200
2026-09-29T00:31:36Z diff test_gem_kangaroo 0.0.5 -> ok:200
2026-09-29T00:31:41Z diff test_gem_kangaroo 0.0.9 -> ok:200
2026-09-29T00:31:46Z diff test_gem_kangaroo 0.0.10 -> ok:200
2026-09-29T00:31:52Z diff test_gem_kangaroo 0.0.11 -> ok:200
2026-09-29T00:31:57Z diff test_gem_kangaroo 0.0.12 -> ok:200
2026-09-29T00:32:02Z diff test_gem_kangaroo 0.0.13 -> ok:200
2026-09-29T00:32:07Z diff test_gem_kangaroo 0.0.14 -> ok:200
2026-09-29T00:32:12Z gempage test_gem_no_mfa -> ok:200
2026-09-29T00:32:18Z diff test_gem_no_mfa 0.0.1 -> ok:200
2026-09-29T00:32:23Z gempage testgem-mini -> ok:200
2026-09-29T00:32:29Z diff testgem-mini 0.2.0 -> ok:200
2026-09-29T00:32:34Z diff testgem-mini 0.2.1 -> ok:200
2026-09-29T00:32:39Z diff testgem-mini 0.3.0 -> ok:200
2026-09-29T00:32:44Z diff testgem-mini 0.3.1 -> ok:200
2026-09-29T00:32:49Z diff testgem-mini 0.4.0 -> ok:200
2026-09-29T00:32:54Z gempage zlink83721 -> ok:200
2026-09-29T00:33:00Z diff zlink83721 0.0.1 -> ok:200
2026-09-29T00:33:04Z forensics fetch done: 50 ok / 50 total
2026-09-29T00:33:04Z raw manifest: 50 files
2026-09-29T00:34:57Z forensics complete: 50 raw captures + 57 JSONL records + PROVENANCE.md + SHA256SUMS + analyst note; manifest verified
